Component: ARM Compiler 5.06 update 5 (build 528) Tool: armlink [4d35e2]

==============================================================================

Section Cross References

    startup_stm32f10x_md.o(STACK) refers (Special) to heapauxi.o(.text) for __use_two_region_memory
    startup_stm32f10x_md.o(HEAP) refers (Special) to heapauxi.o(.text) for __use_two_region_memory
    startup_stm32f10x_md.o(RESET) refers (Special) to heapauxi.o(.text) for __use_two_region_memory
    startup_stm32f10x_md.o(RESET) refers to startup_stm32f10x_md.o(STACK) for __initial_sp
    startup_stm32f10x_md.o(RESET) refers to startup_stm32f10x_md.o(.text) for Reset_Handler
    startup_stm32f10x_md.o(RESET) refers to stm32f10x_it.o(i.NMI_Handler) for NMI_Handler
    startup_stm32f10x_md.o(RESET) refers to stm32f10x_it.o(i.HardFault_Handler) for HardFault_Handler
    startup_stm32f10x_md.o(RESET) refers to stm32f10x_it.o(i.MemManage_Handler) for MemManage_Handler
    startup_stm32f10x_md.o(RESET) refers to stm32f10x_it.o(i.BusFault_Handler) for BusFault_Handler
    startup_stm32f10x_md.o(RESET) refers to stm32f10x_it.o(i.UsageFault_Handler) for UsageFault_Handler
    startup_stm32f10x_md.o(RESET) refers to stm32f10x_it.o(i.SVC_Handler) for SVC_Handler
    startup_stm32f10x_md.o(RESET) refers to stm32f10x_it.o(i.DebugMon_Handler) for DebugMon_Handler
    startup_stm32f10x_md.o(RESET) refers to stm32f10x_it.o(i.PendSV_Handler) for PendSV_Handler
    startup_stm32f10x_md.o(RESET) refers to stm32f10x_it.o(i.SysTick_Handler) for SysTick_Handler
    startup_stm32f10x_md.o(RESET) refers to timer.o(i.TIM2_IRQHandler) for TIM2_IRQHandler
    startup_stm32f10x_md.o(RESET) refers to timer.o(i.TIM3_IRQHandler) for TIM3_IRQHandler
    startup_stm32f10x_md.o(RESET) refers to timer.o(i.TIM4_IRQHandler) for TIM4_IRQHandler
    startup_stm32f10x_md.o(RESET) refers to usart.o(i.USART1_IRQHandler) for USART1_IRQHandler
    startup_stm32f10x_md.o(RESET) refers to usart2.o(i.USART2_IRQHandler) for USART2_IRQHandler
    startup_stm32f10x_md.o(.text) refers (Special) to heapauxi.o(.text) for __use_two_region_memory
    startup_stm32f10x_md.o(.text) refers to system_stm32f10x.o(i.SystemInit) for SystemInit
    startup_stm32f10x_md.o(.text) refers to __main.o(!!!main) for __main
    startup_stm32f10x_md.o(.text) refers to startup_stm32f10x_md.o(HEAP) for Heap_Mem
    startup_stm32f10x_md.o(.text) refers to startup_stm32f10x_md.o(STACK) for Stack_Mem
    system_stm32f10x.o(i.SetSysClock) refers to system_stm32f10x.o(i.SetSysClockTo72) for SetSysClockTo72
    system_stm32f10x.o(i.SystemCoreClockUpdate) refers to system_stm32f10x.o(.data) for SystemCoreClock
    system_stm32f10x.o(i.SystemInit) refers to system_stm32f10x.o(i.SetSysClock) for SetSysClock
    stm32f10x_adc.o(i.ADC_DeInit) refers to stm32f10x_rcc.o(i.RCC_APB2PeriphResetCmd) for RCC_APB2PeriphResetCmd
    stm32f10x_bkp.o(i.BKP_DeInit) refers to stm32f10x_rcc.o(i.RCC_BackupResetCmd) for RCC_BackupResetCmd
    stm32f10x_can.o(i.CAN_DeInit) refers to stm32f10x_rcc.o(i.RCC_APB1PeriphResetCmd) for RCC_APB1PeriphResetCmd
    stm32f10x_can.o(i.CAN_GetITStatus) refers to stm32f10x_can.o(i.CheckITStatus) for CheckITStatus
    stm32f10x_cec.o(i.CEC_DeInit) refers to stm32f10x_rcc.o(i.RCC_APB1PeriphResetCmd) for RCC_APB1PeriphResetCmd
    stm32f10x_dac.o(i.DAC_DeInit) refers to stm32f10x_rcc.o(i.RCC_APB1PeriphResetCmd) for RCC_APB1PeriphResetCmd
    stm32f10x_flash.o(i.FLASH_EnableWriteProtection) refers to stm32f10x_flash.o(i.FLASH_WaitForLastOperation) for FLASH_WaitForLastOperation
    stm32f10x_flash.o(i.FLASH_EraseAllBank1Pages) refers to stm32f10x_flash.o(i.FLASH_WaitForLastBank1Operation) for FLASH_WaitForLastBank1Operation
    stm32f10x_flash.o(i.FLASH_EraseAllPages) refers to stm32f10x_flash.o(i.FLASH_WaitForLastOperation) for FLASH_WaitForLastOperation
    stm32f10x_flash.o(i.FLASH_EraseOptionBytes) refers to stm32f10x_flash.o(i.FLASH_GetReadOutProtectionStatus) for FLASH_GetReadOutProtectionStatus
    stm32f10x_flash.o(i.FLASH_EraseOptionBytes) refers to stm32f10x_flash.o(i.FLASH_WaitForLastOperation) for FLASH_WaitForLastOperation
    stm32f10x_flash.o(i.FLASH_ErasePage) refers to stm32f10x_flash.o(i.FLASH_WaitForLastOperation) for FLASH_WaitForLastOperation
    stm32f10x_flash.o(i.FLASH_ProgramHalfWord) refers to stm32f10x_flash.o(i.FLASH_WaitForLastOperation) for FLASH_WaitForLastOperation
    stm32f10x_flash.o(i.FLASH_ProgramOptionByteData) refers to stm32f10x_flash.o(i.FLASH_WaitForLastOperation) for FLASH_WaitForLastOperation
    stm32f10x_flash.o(i.FLASH_ProgramWord) refers to stm32f10x_flash.o(i.FLASH_WaitForLastOperation) for FLASH_WaitForLastOperation
    stm32f10x_flash.o(i.FLASH_ReadOutProtection) refers to stm32f10x_flash.o(i.FLASH_WaitForLastOperation) for FLASH_WaitForLastOperation
    stm32f10x_flash.o(i.FLASH_UserOptionByteConfig) refers to stm32f10x_flash.o(i.FLASH_WaitForLastOperation) for FLASH_WaitForLastOperation
[...]
    x$fpl$printf2                            0x08005726   Section        4  printf2.o(x$fpl$printf2)
    .constdata                               0x0800572a   Section     2374  oled_data.o(.constdata)
    x$fpl$usenofp                            0x0800572a   Section        0  usenofp.o(x$fpl$usenofp)
    .constdata                               0x08006070   Section        8  _printf_wctomb.o(.constdata)
    initial_mbstate                          0x08006070   Data           8  _printf_wctomb.o(.constdata)
    .constdata                               0x08006078   Section       40  _printf_hex_int_ll_ptr.o(.constdata)
    uc_hextab                                0x08006078   Data          20  _printf_hex_int_ll_ptr.o(.constdata)
    lc_hextab                                0x0800608c   Data          20  _printf_hex_int_ll_ptr.o(.constdata)
    .constdata                               0x080060a0   Section       17  __printf_flags_ss_wp.o(.constdata)
    maptable                                 0x080060a0   Data          17  __printf_flags_ss_wp.o(.constdata)
    .constdata                               0x080060b1   Section       38  _printf_fp_hex.o(.constdata)
    lc_hextab                                0x080060b1   Data          19  _printf_fp_hex.o(.constdata)
    uc_hextab                                0x080060c4   Data          19  _printf_fp_hex.o(.constdata)
    .constdata                               0x080060d8   Section      148  bigflt0.o(.constdata)
    tenpwrs_x                                0x080060d8   Data          60  bigflt0.o(.constdata)
    tenpwrs_i                                0x08006114   Data          64  bigflt0.o(.constdata)
    locale$$data                             0x0800618c   Section       28  lc_numeric_c.o(locale$$data)
    __lcnum_c_name                           0x08006190   Data           2  lc_numeric_c.o(locale$$data)
    __lcnum_c_start                          0x08006198   Data           0  lc_numeric_c.o(locale$$data)
    __lcnum_c_point                          0x080061a4   Data           0  lc_numeric_c.o(locale$$data)
    __lcnum_c_thousands                      0x080061a6   Data           0  lc_numeric_c.o(locale$$data)
    __lcnum_c_grouping                       0x080061a7   Data           0  lc_numeric_c.o(locale$$data)
    locale$$data                             0x080061a8   Section      272  lc_ctype_c.o(locale$$data)
    __lcnum_c_end                            0x080061a8   Data           0  lc_numeric_c.o(locale$$data)
    __lcctype_c_name                         0x080061ac   Data           2  lc_ctype_c.o(locale$$data)
    __lcctype_c_start                        0x080061b4   Data           0  lc_ctype_c.o(locale$$data)
    __lcctype_c_end                          0x080062b8   Data           0  lc_ctype_c.o(locale$$data)
    .data                                    0x20000000   Section       20  stm32f10x_rcc.o(.data)
    APBAHBPrescTable                         0x20000000   Data          16  stm32f10x_rcc.o(.data)
    ADCPrescTable                            0x20000010   Data           4  stm32f10x_rcc.o(.data)
    .data                                    0x20000014   Section        3  usart.o(.data)
    RxState                                  0x20000015   Data           1  usart.o(.data)
    pRxPacket                                0x20000016   Data           1  usart.o(.data)
    .data                                    0x20000018   Section        2  usart2.o(.data)
    .data                                    0x2000001a   Section        6  key.o(.data)
    KeyNum                                   0x2000001a   Data           1  key.o(.data)
    Password                                 0x2000001b   Data           4  key.o(.data)
    key_up                                   0x2000001f   Data           1  key.o(.data)
    .data                                    0x20000020   Section        2  dma.o(.data)
    .data                                    0x20000024   Section        6  as608.o(.data)
    .data                                    0x2000002c   Section       32  main.o(.data)
    OPassword                                0x20000038   Data           4  main.o(.data)
    .bss                                     0x2000004c   Section      100  usart.o(.bss)
    .bss                                     0x200000b0   Section      800  usart2.o(.bss)
    .bss                                     0x200003d0   Section     1024  oled.o(.bss)
    .bss                                     0x200007d0   Section       44  dma.o(.bss)
    .bss                                     0x200007fc   Section       12  as608.o(.bss)
    .bss                                     0x20000808   Section       96  libspace.o(.bss)
    HEAP                                     0x20000868   Section      512  startup_stm32f10x_md.o(HEAP)
    Heap_Mem                                 0x20000868   Data         512  startup_stm32f10x_md.o(HEAP)
    STACK                                    0x20000a68   Section     1024  startup_stm32f10x_md.o(STACK)
    Stack_Mem                                0x20000a68   Data        1024  startup_stm32f10x_md.o(STACK)
    __initial_sp                             0x20000e68   Data           0  startup_stm32f10x_md.o(STACK)

    Global Symbols

    Symbol Name                              Value     Ov Type        Size  Object(Section)

    BuildAttributes$$THM_ISAv4$P$D$K$B$S$PE$A:L22UL41UL21$X:L11$S22US41US21$IEEE1$IW$USESV6$~STKCKD$USESV7$~SHL$OTIME$ROPI$IEEEX$EBA8$UX$STANDARDLIB$REQ8$PRES8$EABIv2 0x00000000   Number         0  anon$$obj.o ABSOLUTE
    __ARM_use_no_argv                        0x00000000   Number         0  main.o ABSOLUTE
    _printf_flags                            0x00000000   Number         0  printf_stubs.o ABSOLUTE
    _printf_return_value                     0x00000000   Number         0  printf_stubs.o ABSOLUTE
    _printf_sizespec                         0x00000000   Number         0  printf_stubs.o ABSOLUTE
    _printf_widthprec                        0x00000000   Number         0  printf_stubs.o ABSOLUTE
    __ARM_exceptions_init                     - Undefined Weak Reference
    __alloca_initialize                       - Undefined Weak Reference
    __arm_preinit_                            - Undefined Weak Reference
    __cpp_initialize__aeabi_                  - Undefined Weak Reference
    __cxa_finalize                            - Undefined Weak Reference
    __sigvec_lookup                           - Undefined Weak Reference
    _atexit_init                              - Undefined Weak Reference
    _call_atexit_fns                          - Undefined Weak Reference
    _clock_init                               - Undefined Weak Reference
    _fp_trap_init                             - Undefined Weak Reference
    _fp_trap_shutdown                         - Undefined Weak Reference
    _get_lc_collate                           - Undefined Weak Reference
    _get_lc_monetary                          - Undefined Weak Reference
    _get_lc_time                              - Undefined Weak Reference
    _getenv_init                              - Undefined Weak Reference
    _handle_redirection                       - Undefined Weak Reference
    _init_alloc                               - Undefined Weak Reference
    _init_user_alloc                          - Undefined Weak Reference
    _initio                                   - Undefined Weak Reference
    _printf_mbtowc                            - Undefined Weak Reference
    _printf_wc                                - Undefined Weak Reference
    _rand_init                                - Undefined Weak Reference
    _signal_finish                            - Undefined Weak Reference
    _signal_init                              - Undefined Weak Reference
    _terminate_alloc                          - Undefined Weak Reference
    _terminate_user_alloc                     - Undefined Weak Reference
    _terminateio                              - Undefined Weak Reference
    __Vectors_Size                           0x000000ec   Number         0  startup_stm32f10x_md.o ABSOLUTE
    __Vectors                                0x08000000   Data           4  startup_stm32f10x_md.o(RESET)
    __Vectors_End                            0x080000ec   Data           0  startup_stm32f10x_md.o(RESET)
    __main                                   0x080000ed   Thumb Code     8  __main.o(!!!main)
    __scatterload                            0x080000f5   Thumb Code     0  __scatter.o(!!!scatter)
    __scatterload_rt2                        0x080000f5   Thumb Code    44  __scatter.o(!!!scatter)
    __scatterload_rt2_thumb_only             0x080000f5   Thumb Code     0  __scatter.o(!!!scatter)
    __scatterload_null                       0x08000103   Thumb Code     0  __scatter.o(!!!scatter)
    __scatterload_copy                       0x08000129   Thumb Code    26  __scatter_copy.o(!!handler_copy)
    __scatterload_zeroinit                   0x08000145   Thumb Code    28  __scatter_zi.o(!!handler_zi)
    _printf_n                                0x08000161   Thumb Code     0  _printf_n.o(.ARM.Collect$$_printf_percent$$00000001)
    _printf_percent                          0x08000161   Thumb Code     0  _printf_percent.o(.ARM.Collect$$_printf_percent$$00000000)
    _printf_p                                0x08000167   Thumb Code     0  _printf_p.o(.ARM.Collect$$_printf_percent$$00000002)
    _printf_f                                0x0800016d   Thumb Code     0  _printf_f.o(.ARM.Collect$$_printf_percent$$00000003)
    _printf_e                                0x08000173   Thumb Code     0  _printf_e.o(.ARM.Collect$$_printf_percent$$00000004)
    _printf_g                                0x08000179   Thumb Code     0  _printf_g.o(.ARM.Collect$$_printf_percent$$00000005)
    _printf_a                                0x0800017f   Thumb Code     0  _printf_a.o(.ARM.Collect$$_printf_percent$$00000006)
    _printf_ll                               0x08000185   Thumb Code     0  _printf_ll.o(.ARM.Collect$$_printf_percent$$00000007)
    _printf_i                                0x0800018f   Thumb Code     0  _printf_i.o(.ARM.Collect$$_printf_percent$$00000008)
    _printf_d                                0x08000195   Thumb Code     0  _printf_d.o(.ARM.Collect$$_printf_percent$$00000009)
    _printf_u                                0x0800019b   Thumb Code     0  _printf_u.o(.ARM.Collect$$_printf_percent$$0000000A)
    _printf_o                                0x080001a1   Thumb Code     0  _printf_o.o(.ARM.Collect$$_printf_percent$$0000000B)
    _printf_x                                0x080001a7   Thumb Code     0  _printf_x.o(.ARM.Collect$$_printf_percent$$0000000C)
    _printf_lli                              0x080001ad   Thumb Code     0  _printf_lli.o(.ARM.Collect$$_printf_percent$$0000000D)
    _printf_lld                              0x080001b3   Thumb Code     0  _printf_lld.o(.ARM.Collect$$_printf_percent$$0000000E)
    _printf_llu                              0x080001b9   Thumb Code     0  _printf_llu.o(.ARM.Collect$$_printf_percent$$0000000F)
    _printf_llo                              0x080001bf   Thumb Code     0  _printf_llo.o(.ARM.Collect$$_printf_percent$$00000010)
    _printf_llx                              0x080001c5   Thumb Code     0  _printf_llx.o(.ARM.Collect$$_printf_percent$$00000011)
    _printf_l                                0x080001cb   Thumb Code     0  _printf_l.o(.ARM.Collect$$_printf_percent$$00000012)
    _printf_c                                0x080001d5   Thumb Code     0  _printf_c.o(.ARM.Collect$$_printf_percent$$00000013)
    _printf_s                                0x080001db   Thumb Code     0  _printf_s.o(.ARM.Collect$$_printf_percent$$00000014)
    _printf_lc                               0x080001e1   Thumb Code     0  _printf_lc.o(.ARM.Collect$$_printf_percent$$00000015)
    _printf_ls                               0x080001e7   Thumb Code     0  _printf_ls.o(.ARM.Collect$$_printf_percent$$00000016)
    _printf_percent_end                      0x080001ed   Thumb Code     0  _printf_percent_end.o(.ARM.Collect$$_printf_percent$$00000017)
    __rt_lib_init                            0x080001f1   Thumb Code     0  libinit.o(.ARM.Collect$$libinit$$00000000)
    __rt_lib_init_fp_1                       0x080001f3   Thumb Code     0  libinit2.o(.ARM.Collect$$libinit$$00000002)
    __rt_lib_init_heap_1                     0x080001f3   Thumb Code     0  libinit2.o(.ARM.Collect$$libinit$$0000000A)
    __rt_lib_init_lc_common                  0x080001f3   Thumb Code     0  libinit2.o(.ARM.Collect$$libinit$$0000000F)
    __rt_lib_init_preinit_1                  0x080001f3   Thumb Code     0  libinit2.o(.ARM.Collect$$libinit$$00000004)
    __rt_lib_init_rand_1                     0x080001f3   Thumb Code     0  libinit2.o(.ARM.Collect$$libinit$$0000000E)
    __rt_lib_init_user_alloc_1               0x080001f3   Thumb Code     0  libinit2.o(.ARM.Collect$$libinit$$0000000C)
    __rt_lib_init_lc_collate_1               0x080001f9   Thumb Code     0  libinit2.o(.ARM.Collect$$libinit$$00000011)
    __rt_lib_init_lc_ctype_2                 0x080001f9   Thumb Code     0  libinit2.o(.ARM.Collect$$libinit$$00000012)
    __rt_lib_init_lc_ctype_1                 0x08000205   Thumb Code     0  libinit2.o(.ARM.Collect$$libinit$$00000013)
    __rt_lib_init_lc_monetary_1              0x08000205   Thumb Code     0  libinit2.o(.ARM.Collect$$libinit$$00000015)
    __rt_lib_init_lc_numeric_2               0x08000205   Thumb Code     0  libinit2.o(.ARM.Collect$$libinit$$00000016)
    __rt_lib_init_alloca_1                   0x0800020f   Thumb Code     0  libinit2.o(.ARM.Collect$$libinit$$0000002E)
    __rt_lib_init_argv_1                     0x0800020f   Thumb Code     0  libinit2.o(.ARM.Collect$$libinit$$0000002C)
    __rt_lib_init_atexit_1                   0x0800020f   Thumb Code     0  libinit2.o(.ARM.Collect$$libinit$$0000001B)
    __rt_lib_init_clock_1                    0x0800020f   Thumb Code     0  libinit2.o(.ARM.Collect$$libinit$$00000021)
    __rt_lib_init_cpp_1                      0x0800020f   Thumb Code     0  libinit2.o(.ARM.Collect$$libinit$$00000032)
    __rt_lib_init_exceptions_1               0x0800020f   Thumb Code     0  libinit2.o(.ARM.Collect$$libinit$$00000030)
    __rt_lib_init_fp_trap_1                  0x0800020f   Thumb Code     0  libinit2.o(.ARM.Collect$$libinit$$0000001F)
    __rt_lib_init_getenv_1                   0x0800020f   Thumb Code     0  libinit2.o(.ARM.Collect$$libinit$$00000023)
    __rt_lib_init_lc_numeric_1               0x0800020f   Thumb Code     0  libinit2.o(.ARM.Collect$$libinit$$00000017)
    __rt_lib_init_lc_time_1                  0x0800020f   Thumb Code     0  libinit2.o(.ARM.Collect$$libinit$$00000019)
    __rt_lib_init_return                     0x0800020f   Thumb Code     0  libinit2.o(.ARM.Collect$$libinit$$00000033)
    __rt_lib_init_signal_1                   0x0800020f   Thumb Code     0  libinit2.o(.ARM.Collect$$libinit$$0000001D)
    __rt_lib_init_stdio_1                    0x0800020f   Thumb Code     0  libinit2.o(.ARM.Collect$$libinit$$00000025)
    __rt_lib_shutdown                        0x08000211   Thumb Code     0  libshutdown.o(.ARM.Collect$$libshutdown$$00000000)
    __rt_lib_shutdown_cpp_1                  0x08000213   Thumb Code     0  libshutdown2.o(.ARM.Collect$$libshutdown$$00000002)
    __rt_lib_shutdown_fp_trap_1              0x08000213   Thumb Code     0  libshutdown2.o(.ARM.Collect$$libshutdown$$00000007)
    __rt_lib_shutdown_heap_1                 0x08000213   Thumb Code     0  libshutdown2.o(.ARM.Collect$$libshutdown$$0000000F)
    __rt_lib_shutdown_return                 0x08000213   Thumb Code     0  libshutdown2.o(.ARM.Collect$$libshutdown$$00000010)
    __rt_lib_shutdown_signal_1               0x08000213   Thumb Code     0  libshutdown2.o(.ARM.Collect$$libshutdown$$0000000A)
    __rt_lib_shutdown_stdio_1                0x08000213   Thumb Code     0  libshutdown2.o(.ARM.Collect$$libshutdown$$00000004)
    __rt_lib_shutdown_user_alloc_1           0x08000213   Thumb Code     0  libshutdown2.o(.ARM.Collect$$libshutdown$$0000000C)
    __rt_entry                               0x08000215   Thumb Code     0  __rtentry.o(.ARM.Collect$$rtentry$$00000000)
    __rt_entry_presh_1                       0x08000215   Thumb Code     0  __rtentry2.o(.ARM.Collect$$rtentry$$00000002)
    __rt_entry_sh                            0x08000215   Thumb Code     0  __rtentry4.o(.ARM.Collect$$rtentry$$00000004)
    __rt_entry_li                            0x0800021b   Thumb Code     0  __rtentry2.o(.ARM.Collect$$rtentry$$0000000A)
    __rt_entry_postsh_1                      0x0800021b   Thumb Code     0  __rtentry2.o(.ARM.Collect$$rtentry$$00000009)
    __rt_entry_main                          0x0800021f   Thumb Code     0  __rtentry2.o(.ARM.Collect$$rtentry$$0000000D)
    __rt_entry_postli_1                      0x0800021f   Thumb Code     0  __rtentry2.o(.ARM.Collect$$rtentry$$0000000C)
    __rt_exit                                0x08000227   Thumb Code     0  rtexit.o(.ARM.Collect$$rtexit$$00000000)
    __rt_exit_ls                             0x08000229   Thumb Code     0  rtexit2.o(.ARM.Collect$$rtexit$$00000003)
    __rt_exit_prels_1                        0x08000229   Thumb Code     0  rtexit2.o(.ARM.Collect$$rtexit$$00000002)
    __rt_exit_exit                           0x0800022d   Thumb Code     0  rtexit2.o(.ARM.Collect$$rtexit$$00000004)
    Reset_Handler                            0x08000235   Thumb Code     8  startup_stm32f10x_md.o(.text)
    ADC1_2_IRQHandler                        0x0800024f   Thumb Code     0  startup_stm32f10x_md.o(.text)
    CAN1_RX1_IRQHandler                      0x0800024f   Thumb Code     0  startup_stm32f10x_md.o(.text)
    CAN1_SCE_IRQHandler                      0x0800024f   Thumb Code     0  startup_stm32f10x_md.o(.text)
    DMA1_Channel1_IRQHandler                 0x0800024f   Thumb Code     0  startup_stm32f10x_md.o(.text)
    DMA1_Channel2_IRQHandler                 0x0800024f   Thumb Code     0  startup_stm32f10x_md.o(.text)
    DMA1_Channel3_IRQHandler                 0x0800024f   Thumb Code     0  startup_stm32f10x_md.o(.text)
    DMA1_Channel4_IRQHandler                 0x0800024f   Thumb Code     0  startup_stm32f10x_md.o(.text)
    DMA1_Channel5_IRQHandler                 0x0800024f   Thumb Code     0  startup_stm32f10x_md.o(.text)
    DMA1_Channel6_IRQHandler                 0x0800024f   Thumb Code     0  startup_stm32f10x_md.o(.text)
    DMA1_Channel7_IRQHandler                 0x0800024f   Thumb Code     0  startup_stm32f10x_md.o(.text)
    EXTI0_IRQHandler                         0x0800024f   Thumb Code     0  startup_stm32f10x_md.o(.text)
    EXTI15_10_IRQHandler                     0x0800024f   Thumb Code     0  startup_stm32f10x_md.o(.text)
    EXTI1_IRQHandler                         0x0800024f   Thumb Code     0  startup_stm32f10x_md.o(.text)
    EXTI2_IRQHandler                         0x0800024f   Thumb Code     0  startup_stm32f10x_md.o(.text)
    EXTI3_IRQHandler                         0x0800024f   Thumb Code     0  startup_stm32f10x_md.o(.text)
    EXTI4_IRQHandler                         0x0800024f   Thumb Code     0  startup_stm32f10x_md.o(.text)
    EXTI9_5_IRQHandler                       0x0800024f   Thumb Code     0  startup_stm32f10x_md.o(.text)
    FLASH_IRQHandler                         0x0800024f   Thumb Code     0  startup_stm32f10x_md.o(.text)
    I2C1_ER_IRQHandler                       0x0800024f   Thumb Code     0  startup_stm32f10x_md.o(.text)
    I2C1_EV_IRQHandler                       0x0800024f   Thumb Code     0  startup_stm32f10x_md.o(.text)
    I2C2_ER_IRQHandler                       0x0800024f   Thumb Code     0  startup_stm32f10x_md.o(.text)
    I2C2_EV_IRQHandler                       0x0800024f   Thumb Code     0  startup_stm32f10x_md.o(.text)
    PVD_IRQHandler                           0x0800024f   Thumb Code     0  startup_stm32f10x_md.o(.text)
    RCC_IRQHandler                           0x0800024f   Thumb Code     0  startup_stm32f10x_md.o(.text)
    RTCAlarm_IRQHandler                      0x0800024f   Thumb Code     0  startup_stm32f10x_md.o(.text)
    RTC_IRQHandler                           0x0800024f   Thumb Code     0  startup_stm32f10x_md.o(.text)
    SPI1_IRQHandler                          0x0800024f   Thumb Code     0  startup_stm32f10x_md.o(.text)
    SPI2_IRQHandler                          0x0800024f   Thumb Code     0  startup_stm32f10x_md.o(.text)
    TAMPER_IRQHandler                        0x0800024f   Thumb Code     0  startup_stm32f10x_md.o(.text)
    TIM1_BRK_IRQHandler                      0x0800024f   Thumb Code     0  startup_stm32f10x_md.o(.text)
    TIM1_CC_IRQHandler                       0x0800024f   Thumb Code     0  startup_stm32f10x_md.o(.text)
    TIM1_TRG_COM_IRQHandler                  0x0800024f   Thumb Code     0  startup_stm32f10x_md.o(.text)
    TIM1_UP_IRQHandler                       0x0800024f   Thumb Code     0  startup_stm32f10x_md.o(.text)
    USART3_IRQHandler                        0x0800024f   Thumb Code     0  startup_stm32f10x_md.o(.text)
    USBWakeUp_IRQHandler                     0x0800024f   Thumb Code     0  startup_stm32f10x_md.o(.text)
    USB_HP_CAN1_TX_IRQHandler                0x0800024f   Thumb Code     0  startup_stm32f10x_md.o(.text)
    USB_LP_CAN1_RX0_IRQHandler               0x0800024f   Thumb Code     0  startup_stm32f10x_md.o(.text)
    WWDG_IRQHandler                          0x0800024f   Thumb Code     0  startup_stm32f10x_md.o(.text)
    __user_initial_stackheap                 0x08000251   Thumb Code     0  startup_stm32f10x_md.o(.text)
    vsprintf                                 0x08000275   Thumb Code    32  vsprintf.o(.text)
    strstr                                   0x08000299   Thumb Code    36  strstr.o(.text)
    strcmp                                   0x080002bd   Thumb Code   128  strcmpv7m.o(.text)
    __use_two_region_memory                  0x0800033d   Thumb Code     2  heapauxi.o(.text)
    __rt_heap_escrow$2region                 0x0800033f   Thumb Code     2  heapauxi.o(.text)
    __rt_heap_expand$2region                 0x08000341   Thumb Code     2  heapauxi.o(.text)
    _printf_pre_padding                      0x08000343   Thumb Code    44  _printf_pad.o(.text)
    _printf_post_padding                     0x0800036f   Thumb Code    34  _printf_pad.o(.text)
    _printf_truncate_signed                  0x08000391   Thumb Code    18  _printf_truncate.o(.text)
    _printf_truncate_unsigned                0x080003a3   Thumb Code    18  _printf_truncate.o(.text)
    _printf_str                              0x080003b5   Thumb Code    82  _printf_str.o(.text)
    _printf_int_dec                          0x08000409   Thumb Code   104  _printf_dec.o(.text)
    _printf_charcount                        0x08000481   Thumb Code    40  _printf_charcount.o(.text)
    _printf_char_common                      0x080004b3   Thumb Code    32  _printf_char_common.o(.text)
    _sputc                                   0x080004d9   Thumb Code    10  _sputc.o(.text)
    _printf_wctomb                           0x080004e5   Thumb Code   182  _printf_wctomb.o(.text)
    _printf_longlong_dec                     0x080005a1   Thumb Code   108  _printf_longlong_dec.o(.text)
    _printf_longlong_oct                     0x0800061d   Thumb Code    66  _printf_oct_int_ll.o(.text)
    _printf_int_oct                          0x0800065f   Thumb Code    24  _printf_oct_int_ll.o(.text)
    _printf_ll_oct                           0x08000677   Thumb Code    12  _printf_oct_int_ll.o(.text)
    _printf_longlong_hex                     0x0800068d   Thumb Code    86  _printf_hex_int_ll_ptr.o(.text)
    _printf_int_hex                          0x080006e3   Thumb Code    28  _printf_hex_int_ll_ptr.o(.text)
    _printf_ll_hex                           0x080006ff   Thumb Code    12  _printf_hex_int_ll_ptr.o(.text)
    _printf_hex_ptr                          0x0800070b   Thumb Code    18  _printf_hex_int_ll_ptr.o(.text)
    __printf                                 0x08000721   Thumb Code   388  __printf_flags_ss_wp.o(.text)
    _ll_udiv10                               0x080008a9   Thumb Code   138  lludiv10.o(.text)
    _printf_int_common                       0x08000933   Thumb Code   178  _printf_intcommon.o(.text)
    __lib_sel_fp_printf                      0x080009e5   Thumb Code     2  _printf_fp_dec.o(.text)
    _printf_fp_dec_real                      0x08000b97   Thumb Code   620  _printf_fp_dec.o(.text)
    _printf_fp_hex_real                      0x08000e05   Thumb Code   756  _printf_fp_hex.o(.text)
    _printf_cs_common                        0x08001101   Thumb Code    20  _printf_char.o(.text)
    _printf_char                             0x08001115   Thumb Code    16  _printf_char.o(.text)
    _printf_string                           0x08001125   Thumb Code     8  _printf_char.o(.text)
    _printf_lcs_common                       0x0800112d   Thumb Code    20  _printf_wchar.o(.text)
    _printf_wchar                            0x08001141   Thumb Code    16  _printf_wchar.o(.text)
    _printf_wstring                          0x08001151   Thumb Code     8  _printf_wchar.o(.text)
    _wcrtomb                                 0x08001159   Thumb Code    64  _wcrtomb.o(.text)
    __user_libspace                          0x08001199   Thumb Code     8  libspace.o(.text)
    __user_perproc_libspace                  0x08001199   Thumb Code     0  libspace.o(.text)
    __user_perthread_libspace                0x08001199   Thumb Code     0  libspace.o(.text)
    __user_setup_stackheap                   0x080011a1   Thumb Code    74  sys_stackheap_outer.o(.text)
    __rt_ctype_table                         0x080011ed   Thumb Code    16  rt_ctype_table.o(.text)
    __rt_locale                              0x080011fd   Thumb Code     8  rt_locale_intlibspace.o(.text)
    _printf_fp_infnan                        0x08001205   Thumb Code   112  _printf_fp_infnan.o(.text)
    _btod_etento                             0x08001285   Thumb Code   224  bigflt0.o(.text)
    exit                                     0x08001369   Thumb Code    18  exit.o(.text)
    _sys_exit                                0x0800137d   Thumb Code     8  sys_exit.o(.text)
    __I$use$semihosting                      0x08001389   Thumb Code     0  use_no_semi.o(.text)
    __use_no_semihosting_swi                 0x08001389   Thumb Code     2  use_no_semi.o(.text)
    __semihosting_library_function           0x0800138b   Thumb Code     0  indicate_semi.o(.text)
    _btod_d2e                                0x0800138b   Thumb Code    62  btod.o(CL$$btod_d2e)
    _d2e_denorm_low                          0x080013c9   Thumb Code    70  btod.o(CL$$btod_d2e_denorm_low)
    _d2e_norm_op1                            0x0800140f   Thumb Code    96  btod.o(CL$$btod_d2e_norm_op1)
    __btod_div_common                        0x0800146f   Thumb Code   696  btod.o(CL$$btod_div_common)
    _e2e                                     0x080017a7   Thumb Code   220  btod.o(CL$$btod_e2e)
    _btod_ediv                               0x08001883   Thumb Code    42  btod.o(CL$$btod_ediv)
    _btod_emul                               0x080018ad   Thumb Code    42  btod.o(CL$$btod_emul)
    __btod_mult_common                       0x080018d7   Thumb Code   580  btod.o(CL$$btod_mult_common)
    Add_FR                                   0x08001b1d   Thumb Code   456  as608.o(i.Add_FR)
    BlueToothMatch                           0x08001dfd   Thumb Code   140  usart.o(i.BlueToothMatch)
    BusFault_Handler                         0x08001ec9   Thumb Code     4  stm32f10x_it.o(i.BusFault_Handler)
    ClearBitMask                             0x08001ecd   Thumb Code    28  rc522.o(i.ClearBitMask)
    DMA_ClearFlag                            0x08001ee9   Thumb Code    18  stm32f10x_dma.o(i.DMA_ClearFlag)
    DMA_Cmd                                  0x08001f05   Thumb Code    24  stm32f10x_dma.o(i.DMA_Cmd)
    DMA_DeInit                               0x08001f1d   Thumb Code   324  stm32f10x_dma.o(i.DMA_DeInit)
    DMA_GetFlagStatus                        0x08002069   Thumb Code    36  stm32f10x_dma.o(i.DMA_GetFlagStatus)
    DMA_Init                                 0x08002095   Thumb Code    60  stm32f10x_dma.o(i.DMA_Init)
    DMA_SetCurrDataCounter                   0x080020d1   Thumb Code     4  stm32f10x_dma.o(i.DMA_SetCurrDataCounter)
    DebugMon_Handler                         0x080020d5   Thumb Code     2  stm32f10x_it.o(i.DebugMon_Handler)
    Delay_ms                                 0x080020d7   Thumb Code    24  delay.o(i.Delay_ms)
    Delay_us                                 0x080020ef   Thumb Code    46  delay.o(i.Delay_us)
    EnsureMessage                            0x0800211d   Thumb Code   140  as608.o(i.EnsureMessage)
    FrMatch                                  0x080023f5   Thumb Code   276  as608.o(i.FrMatch)
    GPIO_Init                                0x08002579   Thumb Code   278  stm32f10x_gpio.o(i.GPIO_Init)
    GPIO_PinRemapConfig                      0x08002691   Thumb Code   138  stm32f10x_gpio.o(i.GPIO_PinRemapConfig)
    GPIO_ReadInputDataBit                    0x08002721   Thumb Code    18  stm32f10x_gpio.o(i.GPIO_ReadInputDataBit)
    GPIO_ResetBits                           0x08002733   Thumb Code     4  stm32f10x_gpio.o(i.GPIO_ResetBits)
    GPIO_SetBits                             0x08002737   Thumb Code     4  stm32f10x_gpio.o(i.GPIO_SetBits)
    GPIO_WriteBit                            0x0800273b   Thumb Code    10  stm32f10x_gpio.o(i.GPIO_WriteBit)
    HCSR04_Init                              0x08002745   Thumb Code    72  hcsr04.o(i.HCSR04_Init)
    HardFault_Handler                        0x08002791   Thumb Code     4  stm32f10x_it.o(i.HardFault_Handler)
    Key_GetNum                               0x0800281d   Thumb Code    96  key.o(i.Key_GetNum)
    Key_Init                                 0x08002885   Thumb Code    40  key.o(i.Key_Init)
    LCD_Address_Set                          0x080028b1   Thumb Code    66  lcd_init.o(i.LCD_Address_Set)
    LCD_Fill                                 0x080028f5   Thumb Code   178  lcd.o(i.LCD_Fill)
    LCD_GPIO_Init                            0x080029b5   Thumb Code    90  lcd_init.o(i.LCD_GPIO_Init)
    LCD_Init                                 0x08002a19   Thumb Code   510  lcd_init.o(i.LCD_Init)
    LCD_WR_DATA                              0x08002c1d   Thumb Code    18  lcd_init.o(i.LCD_WR_DATA)
    LCD_WR_DATA8                             0x08002c2f   Thumb Code    12  lcd_init.o(i.LCD_WR_DATA8)
    LCD_WR_REG                               0x08002c3d   Thumb Code    32  lcd_init.o(i.LCD_WR_REG)
    LCD_Writ_Bus                             0x08002c61   Thumb Code    50  lcd_init.o(i.LCD_Writ_Bus)
    LED1_OFF                                 0x08002c9d   Thumb Code    14  led.o(i.LED1_OFF)
    LED1_ON                                  0x08002cb1   Thumb Code    14  led.o(i.LED1_ON)
    LED2_OFF                                 0x08002cc5   Thumb Code    14  led.o(i.LED2_OFF)
    LED2_ON                                  0x08002cd9   Thumb Code    14  led.o(i.LED2_ON)
    LED3_OFF                                 0x08002ced   Thumb Code    14  led.o(i.LED3_OFF)
    LED3_ON                                  0x08002d01   Thumb Code    14  led.o(i.LED3_ON)
    LED_Init                                 0x08002d15   Thumb Code    50  led.o(i.LED_Init)
    MYDMA_Config1                            0x08002d4d   Thumb Code    86  dma.o(i.MYDMA_Config1)
    MYDMA_Enable                             0x08002dad   Thumb Code    32  dma.o(i.MYDMA_Enable)
    MemManage_Handler                        0x08002df1   Thumb Code     4  stm32f10x_it.o(i.MemManage_Handler)
    NFCMatch                                 0x08002df5   Thumb Code   332  rc522.o(i.NFCMatch)
    NMI_Handler                              0x08002fb9   Thumb Code     2  stm32f10x_it.o(i.NMI_Handler)
    NVIC_Init                                0x08002fbd   Thumb Code   100  misc.o(i.NVIC_Init)
    NVIC_PriorityGroupConfig                 0x0800302d   Thumb Code    10  misc.o(i.NVIC_PriorityGroupConfig)
    OLED_Clear                               0x08003041   Thumb Code    36  oled.o(i.OLED_Clear)
    OLED_ClearArea                           0x08003069   Thumb Code   162  oled.o(i.OLED_ClearArea)
    OLED_I2C_Init                            0x08003111   Thumb Code   100  oled.o(i.OLED_I2C_Init)
    OLED_I2C_SendByte                        0x08003179   Thumb Code    88  oled.o(i.OLED_I2C_SendByte)
    OLED_I2C_Start                           0x080031d5   Thumb Code    48  oled.o(i.OLED_I2C_Start)
    OLED_I2C_Stop                            0x08003209   Thumb Code    36  oled.o(i.OLED_I2C_Stop)
    OLED_Init                                0x08003231   Thumb Code   174  oled.o(i.OLED_Init)
    OLED_Pow                                 0x080032df   Thumb Code    20  oled.o(i.OLED_Pow)
    OLED_SetCursor                           0x080032f3   Thumb Code    34  oled.o(i.OLED_SetCursor)
    OLED_ShowChar                            0x08003315   Thumb Code    74  oled.o(i.OLED_ShowChar)
    OLED_ShowImage                           0x08003369   Thumb Code   296  oled.o(i.OLED_ShowImage)
    OLED_ShowNum                             0x08003495   Thumb Code    76  oled.o(i.OLED_ShowNum)
    OLED_ShowString                          0x080034e1   Thumb Code    46  oled.o(i.OLED_ShowString)
    OLED_Update                              0x08003511   Thumb Code    36  oled.o(i.OLED_Update)
    OLED_WriteCommand                        0x08003539   Thumb Code    32  oled.o(i.OLED_WriteCommand)
    OLED_WriteData                           0x08003559   Thumb Code    44  oled.o(i.OLED_WriteData)
    PS_GenChar                               0x08003585   Thumb Code    70  as608.o(i.PS_GenChar)
    PS_GetImage                              0x080035cb   Thumb Code    58  as608.o(i.PS_GetImage)
    PS_HandShake                             0x08003605   Thumb Code   118  as608.o(i.PS_HandShake)
    PS_HighSpeedSearch                       0x08003685   Thumb Code   144  as608.o(i.PS_HighSpeedSearch)
    PS_Match                                 0x08003715   Thumb Code    58  as608.o(i.PS_Match)
    PS_RegModel                              0x0800374f   Thumb Code    58  as608.o(i.PS_RegModel)
    PS_StaGPIO_Init                          0x08003789   Thumb Code    38  as608.o(i.PS_StaGPIO_Init)
    PS_StoreChar                             0x080037b5   Thumb Code    96  as608.o(i.PS_StoreChar)
    PS_ValidTempleteNum                      0x08003815   Thumb Code   108  as608.o(i.PS_ValidTempleteNum)
    PWM_Init                                 0x080038a1   Thumb Code   148  pwm.o(i.PWM_Init)
    PWM_SetCompare3                          0x0800393d   Thumb Code    14  pwm.o(i.PWM_SetCompare3)
    PassMatch                                0x08003951   Thumb Code   314  key.o(i.PassMatch)
    PcdAntennaOff                            0x08003acd   Thumb Code    12  rc522.o(i.PcdAntennaOff)
    PcdAntennaOn                             0x08003ad9   Thumb Code    26  rc522.o(i.PcdAntennaOn)
    PcdComMF522                              0x08003af3   Thumb Code   306  rc522.o(i.PcdComMF522)
    PcdRequest                               0x08003c25   Thumb Code    84  rc522.o(i.PcdRequest)
    PcdReset                                 0x08003c79   Thumb Code   128  rc522.o(i.PcdReset)
    PcdResetON                               0x08003cfd   Thumb Code    22  rc522.o(i.PcdResetON)
    PendSV_Handler                           0x08003d13   Thumb Code     2  stm32f10x_it.o(i.PendSV_Handler)
    RC522_Init                               0x08003d15   Thumb Code    96  rc522.o(i.RC522_Init)
    RCC_AHBPeriphClockCmd                    0x08003d7d   Thumb Code    26  stm32f10x_rcc.o(i.RCC_AHBPeriphClockCmd)
    RCC_APB1PeriphClockCmd                   0x08003d9d   Thumb Code    26  stm32f10x_rcc.o(i.RCC_APB1PeriphClockCmd)
    RCC_APB1PeriphResetCmd                   0x08003dbd   Thumb Code    26  stm32f10x_rcc.o(i.RCC_APB1PeriphResetCmd)
    RCC_APB2PeriphClockCmd                   0x08003ddd   Thumb Code    26  stm32f10x_rcc.o(i.RCC_APB2PeriphClockCmd)
    RCC_APB2PeriphResetCmd                   0x08003dfd   Thumb Code    26  stm32f10x_rcc.o(i.RCC_APB2PeriphResetCmd)
    RCC_GetClocksFreq                        0x08003e1d   Thumb Code   192  stm32f10x_rcc.o(i.RCC_GetClocksFreq)
    ReadRawRC                                0x08003ef1   Thumb Code    68  rc522.o(i.ReadRawRC)
    SKey_GetNum                              0x08003f39   Thumb Code    88  key.o(i.SKey_GetNum)
    SPI1_Init                                0x08003f95   Thumb Code   132  spi.o(i.SPI1_Init)
    SPI2_Init                                0x08004021   Thumb Code   136  spi.o(i.SPI2_Init)
    SPI2_ReadNBytes                          0x080040b1   Thumb Code   102  spi.o(i.SPI2_ReadNBytes)
    SPI2_WriteNBytes                         0x0800411d   Thumb Code   108  spi.o(i.SPI2_WriteNBytes)
    SPI_Cmd                                  0x0800418d   Thumb Code    24  stm32f10x_spi.o(i.SPI_Cmd)
    SPI_I2S_DMACmd                           0x080041a5   Thumb Code    18  stm32f10x_spi.o(i.SPI_I2S_DMACmd)
    SPI_I2S_GetFlagStatus                    0x080041b7   Thumb Code    18  stm32f10x_spi.o(i.SPI_I2S_GetFlagStatus)
    SPI_I2S_SendData                         0x080041c9   Thumb Code     4  stm32f10x_spi.o(i.SPI_I2S_SendData)
    SPI_Init                                 0x080041cd   Thumb Code    60  stm32f10x_spi.o(i.SPI_Init)
    SPI_SSOutputCmd                          0x08004209   Thumb Code    24  stm32f10x_spi.o(i.SPI_SSOutputCmd)
    SVC_Handler                              0x08004221   Thumb Code     2  stm32f10x_it.o(i.SVC_Handler)
    Serial_Printf                            0x080042a9   Thumb Code    38  usart.o(i.Serial_Printf)
    Serial_SendByte                          0x080042d5   Thumb Code    30  usart.o(i.Serial_SendByte)
    Serial_SendString                        0x080042f3   Thumb Code    30  usart.o(i.Serial_SendString)
    Servo_Init                               0x08004311   Thumb Code     8  servo.o(i.Servo_Init)
    Servo_SetAngle                           0x08004319   Thumb Code    48  servo.o(i.Servo_SetAngle)
    SetBitMask                               0x08004355   Thumb Code    28  rc522.o(i.SetBitMask)
    ShowErrMessage                           0x08004459   Thumb Code    30  as608.o(i.ShowErrMessage)
    SysTick_Handler                          0x0800447d   Thumb Code     2  stm32f10x_it.o(i.SysTick_Handler)
    SystemInit                               0x08004481   Thumb Code    78  system_stm32f10x.o(i.SystemInit)
    TIM2_IRQHandler                          0x080044e1   Thumb Code    34  timer.o(i.TIM2_IRQHandler)
    TIM3_IRQHandler                          0x08004509   Thumb Code    42  timer.o(i.TIM3_IRQHandler)
    TIM4_IRQHandler                          0x0800453d   Thumb Code    42  timer.o(i.TIM4_IRQHandler)
    TIM4_Int_Init                            0x08004571   Thumb Code   112  timer.o(i.TIM4_Int_Init)
    TIM_ClearFlag                            0x080045e5   Thumb Code     6  stm32f10x_tim.o(i.TIM_ClearFlag)
    TIM_ClearITPendingBit                    0x080045eb   Thumb Code     6  stm32f10x_tim.o(i.TIM_ClearITPendingBit)
    TIM_Cmd                                  0x080045f1   Thumb Code    24  stm32f10x_tim.o(i.TIM_Cmd)
    TIM_GetITStatus                          0x08004609   Thumb Code    34  stm32f10x_tim.o(i.TIM_GetITStatus)
    TIM_ITConfig                             0x0800462b   Thumb Code    18  stm32f10x_tim.o(i.TIM_ITConfig)
    TIM_InternalClockConfig                  0x0800463d   Thumb Code    12  stm32f10x_tim.o(i.TIM_InternalClockConfig)
    TIM_OC3Init                              0x08004649   Thumb Code   150  stm32f10x_tim.o(i.TIM_OC3Init)
    TIM_OC3PreloadConfig                     0x080046e9   Thumb Code    18  stm32f10x_tim.o(i.TIM_OC3PreloadConfig)
    TIM_OCStructInit                         0x080046fb   Thumb Code    20  stm32f10x_tim.o(i.TIM_OCStructInit)
    TIM_SetCompare3                          0x0800470f   Thumb Code     4  stm32f10x_tim.o(i.TIM_SetCompare3)
    TIM_SetCounter                           0x08004713   Thumb Code     4  stm32f10x_tim.o(i.TIM_SetCounter)
    TIM_TimeBaseInit                         0x08004719   Thumb Code   122  stm32f10x_tim.o(i.TIM_TimeBaseInit)
    Timer2_Init                              0x080047bd   Thumb Code   128  timer.o(i.Timer2_Init)
    USART1_IRQHandler                        0x08004841   Thumb Code   140  usart.o(i.USART1_IRQHandler)
    USART2_IRQHandler                        0x080048e1   Thumb Code    96  usart2.o(i.USART2_IRQHandler)
    USART_ClearITPendingBit                  0x08004951   Thumb Code    30  stm32f10x_usart.o(i.USART_ClearITPendingBit)
    USART_Cmd                                0x0800496f   Thumb Code    24  stm32f10x_usart.o(i.USART_Cmd)
    USART_DeInit                             0x08004989   Thumb Code   134  stm32f10x_usart.o(i.USART_DeInit)
    USART_GetFlagStatus                      0x08004a25   Thumb Code    26  stm32f10x_usart.o(i.USART_GetFlagStatus)
    USART_GetITStatus                        0x08004a3f   Thumb Code    84  stm32f10x_usart.o(i.USART_GetITStatus)
    USART_ITConfig                           0x08004a93   Thumb Code    74  stm32f10x_usart.o(i.USART_ITConfig)
    USART_Init                               0x08004add   Thumb Code   210  stm32f10x_usart.o(i.USART_Init)
    USART_ReceiveData                        0x08004bb5   Thumb Code    10  stm32f10x_usart.o(i.USART_ReceiveData)
    USART_SendData                           0x08004bbf   Thumb Code     8  stm32f10x_usart.o(i.USART_SendData)
    Uart1_Init                               0x08004bc9   Thumb Code   174  usart.o(i.Uart1_Init)
    UsageFault_Handler                       0x08004c81   Thumb Code     4  stm32f10x_it.o(i.UsageFault_Handler)
    WriteRawRC                               0x08004c85   Thumb Code    60  rc522.o(i.WriteRawRC)
    __ARM_fpclassify                         0x08004cc5   Thumb Code    40  fpclassify.o(i.__ARM_fpclassify)
    _is_digit                                0x08004ced   Thumb Code    14  __printf_wp.o(i._is_digit)
    delay                                    0x08004cfb   Thumb Code    12  lcd_init.o(i.delay)
    main                                     0x08004d09   Thumb Code   662  main.o(i.main)
    usart2_init                              0x080050f5   Thumb Code   188  usart2.o(i.usart2_init)
    _get_lc_numeric                          0x080051c1   Thumb Code    44  lc_numeric_c.o(locale$$code)
    _get_lc_ctype                            0x080051ed   Thumb Code    44  lc_ctype_c.o(locale$$code)
    __aeabi_fadd                             0x08005219   Thumb Code     0  faddsub_clz.o(x$fpl$fadd)
    _fadd                                    0x08005219   Thumb Code   196  faddsub_clz.o(x$fpl$fadd)
    __aeabi_fdiv                             0x080052dd   Thumb Code     0  fdiv.o(x$fpl$fdiv)
    _fdiv                                    0x080052dd   Thumb Code   384  fdiv.o(x$fpl$fdiv)
    __aeabi_f2uiz                            0x08005461   Thumb Code     0  ffixu.o(x$fpl$ffixu)
    _ffixu                                   0x08005461   Thumb Code    62  ffixu.o(x$fpl$ffixu)
    __aeabi_fmul                             0x080054a1   Thumb Code     0  fmul.o(x$fpl$fmul)
    _fmul                                    0x080054a1   Thumb Code   258  fmul.o(x$fpl$fmul)
    __fpl_fnaninf                            0x080055a3   Thumb Code   140  fnaninf.o(x$fpl$fnaninf)
    __fpl_fretinf                            0x0800562f   Thumb Code    10  fretinf.o(x$fpl$fretinf)
    __aeabi_fsub                             0x08005639   Thumb Code     0  faddsub_clz.o(x$fpl$fsub)
    _fsub                                    0x08005639   Thumb Code   234  faddsub_clz.o(x$fpl$fsub)
    _printf_fp_dec                           0x08005723   Thumb Code     4  printf1.o(x$fpl$printf1)
    _printf_fp_hex                           0x08005727   Thumb Code     4  printf2.o(x$fpl$printf2)
    OLED_F8x16                               0x0800572a   Data        1520  oled_data.o(.constdata)
    __I$use$fp                               0x0800572a   Number         0  usenofp.o(x$fpl$usenofp)
    OLED_F6x8                                0x08005d1a   Data         570  oled_data.o(.constdata)
    OLED_CF16x16                             0x08005f54   Data         252  oled_data.o(.constdata)
    Diode                                    0x08006050   Data          32  oled_data.o(.constdata)
    Region$$Table$$Base                      0x0800616c   Number         0  anon$$obj.o(Region$$Table)
    Region$$Table$$Limit                     0x0800618c   Number         0  anon$$obj.o(Region$$Table)
    __ctype                                  0x080061b5   Data           0  lc_ctype_c.o(locale$$data)
    USART1_RX_STA                            0x20000014   Data           1  usart.o(.data)
    USART2_RX_STA                            0x20000018   Data           2  usart2.o(.data)
    DMA1_MEM_LEN                             0x20000020   Data           2  dma.o(.data)
    AS608Addr                                0x20000024   Data           4  as608.o(.data)
    ValidN                                   0x20000028   Data           2  as608.o(.data)
    T                                        0x2000002c   Data           2  main.o(.data)
    TIM2_Time                                0x2000002e   Data           2  main.o(.data)
    KeyNum                                   0x20000030   Data           1  main.o(.data)
    SKeyNum                                  0x20000031   Data           1  main.o(.data)
    OAngle                                   0x20000034   Data           4  main.o(.data)
    Card_Type1                               0x2000003c   Data           2  main.o(.data)
    Card_ID                                  0x2000003e   Data           4  main.o(.data)
    Card_KEY                                 0x20000042   Data           6  main.o(.data)
    status                                   0x20000048   Data           1  main.o(.data)
    task                                     0x20000049   Data           1  main.o(.data)
    cardType                                 0x2000004a   Data           2  main.o(.data)
    USART1_RX_BUF                            0x2000004c   Data         100  usart.o(.bss)
    USART2_TX_BUF                            0x200000b0   Data         400  usart2.o(.bss)
    USART2_RX_BUF                            0x20000240   Data         400  usart2.o(.bss)
    OLED_DisplayBuf                          0x200003d0   Data        1024  oled.o(.bss)
    DMA_InitStructure                        0x200007d0   Data          44  dma.o(.bss)
    AS608Para                                0x200007fc   Data          12  as608.o(.bss)
    __libspace_start                         0x20000808   Data          96  libspace.o(.bss)
    __temporary_stack_top$libspace           0x20000868   Data           0  libspace.o(.bss)



==============================================================================

Memory Map of the image

  Image Entry point : 0x080000ed

  Load Region LR_IROM1 (Base: 0x08000000, Size: 0x00006304, Max: 0x00010000, ABSOLUTE)

    Execution Region ER_IROM1 (Exec base: 0x08000000, Load base: 0x08000000, Size: 0x000062b8, Max: 0x00010000, ABSOLUTE)

    Exec Addr    Load Addr    Size         Type   Attr      Idx    E Section Name        Object

    0x08000000   0x08000000   0x000000ec   Data   RO            3    RESET               startup_stm32f10x_md.o
    0x080000ec   0x080000ec   0x00000008   Code   RO         4595  * !!!main             c_w.l(__main.o)
    0x080000f4   0x080000f4   0x00000034   Code   RO         5030    !!!scatter          c_w.l(__scatter.o)
    0x08000128   0x08000128   0x0000001a   Code   RO         5032    !!handler_copy      c_w.l(__scatter_copy.o)
    0x08000142   0x08000142   0x00000002   PAD
    0x08000144   0x08000144   0x0000001c   Code   RO         5034    !!handler_zi        c_w.l(__scatter_zi.o)
    0x08000160   0x08000160   0x00000000   Code   RO         4743    .ARM.Collect$$_printf_percent$$00000000  c_w.l(_printf_percent.o)
    0x08000160   0x08000160   0x00000006   Code   RO         4732    .ARM.Collect$$_printf_percent$$00000001  c_w.l(_printf_n.o)
    0x08000166   0x08000166   0x00000006   Code   RO         4734    .ARM.Collect$$_printf_percent$$00000002  c_w.l(_printf_p.o)
    0x0800016c   0x0800016c   0x00000006   Code   RO         4739    .ARM.Collect$$_printf_percent$$00000003  c_w.l(_printf_f.o)
    0x08000172   0x08000172   0x00000006   Code   RO         4740    .ARM.Collect$$_printf_percent$$00000004  c_w.l(_printf_e.o)
    0x08000178   0x08000178   0x00000006   Code   RO         4741    .ARM.Collect$$_printf_percent$$00000005  c_w.l(_printf_g.o)
    0x0800017e   0x0800017e   0x00000006   Code   RO         4742    .ARM.Collect$$_printf_percent$$00000006  c_w.l(_printf_a.o)
    0x08000184   0x08000184   0x0000000a   Code   RO         4747    .ARM.Collect$$_printf_percent$$00000007  c_w.l(_printf_ll.o)
    0x0800018e   0x0800018e   0x00000006   Code   RO         4736    .ARM.Collect$$_printf_percent$$00000008  c_w.l(_printf_i.o)
    0x08000194   0x08000194   0x00000006   Code   RO         4737    .ARM.Collect$$_printf_percent$$00000009  c_w.l(_printf_d.o)
    0x0800019a   0x0800019a   0x00000006   Code   RO         4738    .ARM.Collect$$_printf_percent$$0000000A  c_w.l(_printf_u.o)
    0x080001a0   0x080001a0   0x00000006   Code   RO         4735    .ARM.Collect$$_printf_percent$$0000000B  c_w.l(_printf_o.o)
    0x080001a6   0x080001a6   0x00000006   Code   RO         4733    .ARM.Collect$$_printf_percent$$0000000C  c_w.l(_printf_x.o)
    0x080001ac   0x080001ac   0x00000006   Code   RO         4744    .ARM.Collect$$_printf_percent$$0000000D  c_w.l(_printf_lli.o)
    0x080001b2   0x080001b2   0x00000006   Code   RO         4745    .ARM.Collect$$_printf_percent$$0000000E  c_w.l(_printf_lld.o)
    0x080001b8   0x080001b8   0x00000006   Code   RO         4746    .ARM.Collect$$_printf_percent$$0000000F  c_w.l(_printf_llu.o)
    0x080001be   0x080001be   0x00000006   Code   RO         4751    .ARM.Collect$$_printf_percent$$00000010  c_w.l(_printf_llo.o)
    0x080001c4   0x080001c4   0x00000006   Code   RO         4752    .ARM.Collect$$_printf_percent$$00000011  c_w.l(_printf_llx.o)
    0x080001ca   0x080001ca   0x0000000a   Code   RO         4748    .ARM.Collect$$_printf_percent$$00000012  c_w.l(_printf_l.o)
    0x080001d4   0x080001d4   0x00000006   Code   RO         4730    .ARM.Collect$$_printf_percent$$00000013  c_w.l(_printf_c.o)
    0x080001da   0x080001da   0x00000006   Code   RO         4731    .ARM.Collect$$_printf_percent$$00000014  c_w.l(_printf_s.o)
    0x080001e0   0x080001e0   0x00000006   Code   RO         4749    .ARM.Collect$$_printf_percent$$00000015  c_w.l(_printf_lc.o)
    0x080001e6   0x080001e6   0x00000006   Code   RO         4750    .ARM.Collect$$_printf_percent$$00000016  c_w.l(_printf_ls.o)
    0x080001ec   0x080001ec   0x00000004   Code   RO         4834    .ARM.Collect$$_printf_percent$$00000017  c_w.l(_printf_percent_end.o)
    0x080001f0   0x080001f0   0x00000002   Code   RO         4892    .ARM.Collect$$libinit$$00000000  c_w.l(libinit.o)
    0x080001f2   0x080001f2   0x00000000   Code   RO         4903    .ARM.Collect$$libinit$$00000002  c_w.l(libinit2.o)
    0x080001f2   0x080001f2   0x00000000   Code   RO         4905    .ARM.Collect$$libinit$$00000004  c_w.l(libinit2.o)
    0x080001f2   0x080001f2   0x00000000   Code   RO         4908    .ARM.Collect$$libinit$$0000000A  c_w.l(libinit2.o)
    0x080001f2   0x080001f2   0x00000000   Code   RO         4910    .ARM.Collect$$libinit$$0000000C  c_w.l(libinit2.o)
    0x080001f2   0x080001f2   0x00000000   Code   RO         4912    .ARM.Collect$$libinit$$0000000E  c_w.l(libinit2.o)
    0x080001f2   0x080001f2   0x00000006   Code   RO         4913    .ARM.Collect$$libinit$$0000000F  c_w.l(libinit2.o)
    0x080001f8   0x080001f8   0x00000000   Code   RO         4915    .ARM.Collect$$libinit$$00000011  c_w.l(libinit2.o)
    0x080001f8   0x080001f8   0x0000000c   Code   RO         4916    .ARM.Collect$$libinit$$00000012  c_w.l(libinit2.o)
    0x08000204   0x08000204   0x00000000   Code   RO         4917    .ARM.Collect$$libinit$$00000013  c_w.l(libinit2.o)
    0x08000204   0x08000204   0x00000000   Code   RO         4919    .ARM.Collect$$libinit$$00000015  c_w.l(libinit2.o)
    0x08000204   0x08000204   0x0000000a   Code   RO         4920    .ARM.Collect$$libinit$$00000016  c_w.l(libinit2.o)
    0x0800020e   0x0800020e   0x00000000   Code   RO         4921    .ARM.Collect$$libinit$$00000017  c_w.l(libinit2.o)
    0x0800020e   0x0800020e   0x00000000   Code   RO         4923    .ARM.Collect$$libinit$$00000019  c_w.l(libinit2.o)
    0x0800020e   0x0800020e   0x00000000   Code   RO         4925    .ARM.Collect$$libinit$$0000001B  c_w.l(libinit2.o)
    0x0800020e   0x0800020e   0x00000000   Code   RO         4927    .ARM.Collect$$libinit$$0000001D  c_w.l(libinit2.o)
    0x0800020e   0x0800020e   0x00000000   Code   RO         4929    .ARM.Collect$$libinit$$0000001F  c_w.l(libinit2.o)
    0x0800020e   0x0800020e   0x00000000   Code   RO         4931    .ARM.Collect$$libinit$$00000021  c_w.l(libinit2.o)
    0x0800020e   0x0800020e   0x00000000   Code   RO         4933    .ARM.Collect$$libinit$$00000023  c_w.l(libinit2.o)
    0x0800020e   0x0800020e   0x00000000   Code   RO         4935    .ARM.Collect$$libinit$$00000025  c_w.l(libinit2.o)
    0x0800020e   0x0800020e   0x00000000   Code   RO         4939    .ARM.Collect$$libinit$$0000002C  c_w.l(libinit2.o)
    0x0800020e   0x0800020e   0x00000000   Code   RO         4941    .ARM.Collect$$libinit$$0000002E  c_w.l(libinit2.o)
    0x0800020e   0x0800020e   0x00000000   Code   RO         4943    .ARM.Collect$$libinit$$00000030  c_w.l(libinit2.o)
    0x0800020e   0x0800020e   0x00000000   Code   RO         4945    .ARM.Collect$$libinit$$00000032  c_w.l(libinit2.o)
    0x0800020e   0x0800020e   0x00000002   Code   RO         4946    .ARM.Collect$$libinit$$00000033  c_w.l(libinit2.o)
    0x08000210   0x08000210   0x00000002   Code   RO         4970    .ARM.Collect$$libshutdown$$00000000  c_w.l(libshutdown.o)
    0x08000212   0x08000212   0x00000000   Code   RO         4983    .ARM.Collect$$libshutdown$$00000002  c_w.l(libshutdown2.o)
    0x08000212   0x08000212   0x00000000   Code   RO         4985    .ARM.Collect$$libshutdown$$00000004  c_w.l(libshutdown2.o)
    0x08000212   0x08000212   0x00000000   Code   RO         4988    .ARM.Collect$$libshutdown$$00000007  c_w.l(libshutdown2.o)
    0x08000212   0x08000212   0x00000000   Code   RO         4991    .ARM.Collect$$libshutdown$$0000000A  c_w.l(libshutdown2.o)
    0x08000212   0x08000212   0x00000000   Code   RO         4993    .ARM.Collect$$libshutdown$$0000000C  c_w.l(libshutdown2.o)
    0x08000212   0x08000212   0x00000000   Code   RO         4996    .ARM.Collect$$libshutdown$$0000000F  c_w.l(libshutdown2.o)
    0x08000212   0x08000212   0x00000002   Code   RO         4997    .ARM.Collect$$libshutdown$$00000010  c_w.l(libshutdown2.o)
    0x08000214   0x08000214   0x00000000   Code   RO         4659    .ARM.Collect$$rtentry$$00000000  c_w.l(__rtentry.o)
    0x08000214   0x08000214   0x00000000   Code   RO         4800    .ARM.Collect$$rtentry$$00000002  c_w.l(__rtentry2.o)
    0x08000214   0x08000214   0x00000006   Code   RO         4812    .ARM.Collect$$rtentry$$00000004  c_w.l(__rtentry4.o)
    0x0800021a   0x0800021a   0x00000000   Code   RO         4802    .ARM.Collect$$rtentry$$00000009  c_w.l(__rtentry2.o)
    0x0800021a   0x0800021a   0x00000004   Code   RO         4803    .ARM.Collect$$rtentry$$0000000A  c_w.l(__rtentry2.o)
    0x0800021e   0x0800021e   0x00000000   Code   RO         4805    .ARM.Collect$$rtentry$$0000000C  c_w.l(__rtentry2.o)
    0x0800021e   0x0800021e   0x00000008   Code   RO         4806    .ARM.Collect$$rtentry$$0000000D  c_w.l(__rtentry2.o)
    0x08000226   0x08000226   0x00000002   Code   RO         4897    .ARM.Collect$$rtexit$$00000000  c_w.l(rtexit.o)
    0x08000228   0x08000228   0x00000000   Code   RO         4950    .ARM.Collect$$rtexit$$00000002  c_w.l(rtexit2.o)
    0x08000228   0x08000228   0x00000004   Code   RO         4951    .ARM.Collect$$rtexit$$00000003  c_w.l(rtexit2.o)
    0x0800022c   0x0800022c   0x00000006   Code   RO         4952    .ARM.Collect$$rtexit$$00000004  c_w.l(rtexit2.o)
    0x08000232   0x08000232   0x00000002   PAD
    0x08000234   0x08000234   0x00000040   Code   RO            4    .text               startup_stm32f10x_md.o
    0x08000274   0x08000274   0x00000024   Code   RO         4585    .text               c_w.l(vsprintf.o)
    0x08000298   0x08000298   0x00000024   Code   RO         4587    .text               c_w.l(strstr.o)
    0x080002bc   0x080002bc   0x00000080   Code   RO         4591    .text               c_w.l(strcmpv7m.o)
    0x0800033c   0x0800033c   0x00000006   Code   RO         4593    .text               c_w.l(heapauxi.o)
    0x08000342   0x08000342   0x0000004e   Code   RO         4664    .text               c_w.l(_printf_pad.o)
    0x08000390   0x08000390   0x00000024   Code   RO         4666    .text               c_w.l(_printf_truncate.o)
    0x080003b4   0x080003b4   0x00000052   Code   RO         4668    .text               c_w.l(_printf_str.o)
    0x08000406   0x08000406   0x00000002   PAD
    0x08000408   0x08000408   0x00000078   Code   RO         4670    .text               c_w.l(_printf_dec.o)
    0x08000480   0x08000480   0x00000028   Code   RO         4672    .text               c_w.l(_printf_charcount.o)
    0x080004a8   0x080004a8   0x00000030   Code   RO         4674    .text               c_w.l(_printf_char_common.o)
    0x080004d8   0x080004d8   0x0000000a   Code   RO         4676    .text               c_w.l(_sputc.o)
    0x080004e2   0x080004e2   0x00000002   PAD
    0x080004e4   0x080004e4   0x000000bc   Code   RO         4678    .text               c_w.l(_printf_wctomb.o)
    0x080005a0   0x080005a0   0x0000007c   Code   RO         4681    .text               c_w.l(_printf_longlong_dec.o)
    0x0800061c   0x0800061c   0x00000070   Code   RO         4687    .text               c_w.l(_printf_oct_int_ll.o)
    0x0800068c   0x0800068c   0x00000094   Code   RO         4707    .text               c_w.l(_printf_hex_int_ll_ptr.o)
    0x08000720   0x08000720   0x00000188   Code   RO         4727    .text               c_w.l(__printf_flags_ss_wp.o)
    0x080008a8   0x080008a8   0x0000008a   Code   RO         4819    .text               c_w.l(lludiv10.o)
    0x08000932   0x08000932   0x000000b2   Code   RO         4821    .text               c_w.l(_printf_intcommon.o)
    0x080009e4   0x080009e4   0x0000041e   Code   RO         4823    .text               c_w.l(_printf_fp_dec.o)
    0x08000e02   0x08000e02   0x00000002   PAD
    0x08000e04   0x08000e04   0x000002fc   Code   RO         4825    .text               c_w.l(_printf_fp_hex.o)
    0x08001100   0x08001100   0x0000002c   Code   RO         4830    .text               c_w.l(_printf_char.o)
    0x0800112c   0x0800112c   0x0000002c   Code   RO         4832    .text               c_w.l(_printf_wchar.o)
    0x08001158   0x08001158   0x00000040   Code   RO         4835    .text               c_w.l(_wcrtomb.o)
    0x08001198   0x08001198   0x00000008   Code   RO         4843    .text               c_w.l(libspace.o)
    0x080011a0   0x080011a0   0x0000004a   Code   RO         4846    .text               c_w.l(sys_stackheap_outer.o)
    0x080011ea   0x080011ea   0x00000002   PAD
    0x080011ec   0x080011ec   0x00000010   Code   RO         4848    .text               c_w.l(rt_ctype_table.o)
    0x080011fc   0x080011fc   0x00000008   Code   RO         4853    .text               c_w.l(rt_locale_intlibspace.o)
    0x08001204   0x08001204   0x00000080   Code   RO         4855    .text               c_w.l(_printf_fp_infnan.o)
    0x08001284   0x08001284   0x000000e4   Code   RO         4857    .text               c_w.l(bigflt0.o)
    0x08001368   0x08001368   0x00000012   Code   RO         4885    .text               c_w.l(exit.o)
    0x0800137a   0x0800137a   0x00000002   PAD
    0x0800137c   0x0800137c   0x0000000c   Code   RO         4962    .text               c_w.l(sys_exit.o)
    0x08001388   0x08001388   0x00000002   Code   RO         4973    .text               c_w.l(use_no_semi.o)
    0x0800138a   0x0800138a   0x00000000   Code   RO         4975    .text               c_w.l(indicate_semi.o)
    0x0800138a   0x0800138a   0x0000003e   Code   RO         4860    CL$$btod_d2e        c_w.l(btod.o)
    0x080013c8   0x080013c8   0x00000046   Code   RO         4862    CL$$btod_d2e_denorm_low  c_w.l(btod.o)
    0x0800140e   0x0800140e   0x00000060   Code   RO         4861    CL$$btod_d2e_norm_op1  c_w.l(btod.o)
    0x0800146e   0x0800146e   0x00000338   Code   RO         4870    CL$$btod_div_common  c_w.l(btod.o)
    0x080017a6   0x080017a6   0x000000dc   Code   RO         4867    CL$$btod_e2e        c_w.l(btod.o)
    0x08001882   0x08001882   0x0000002a   Code   RO         4864    CL$$btod_ediv       c_w.l(btod.o)
    0x080018ac   0x080018ac   0x0000002a   Code   RO         4863    CL$$btod_emul       c_w.l(btod.o)
    0x080018d6   0x080018d6   0x00000244   Code   RO         4869    CL$$btod_mult_common  c_w.l(btod.o)
    0x08001b1a   0x08001b1a   0x00000002   PAD
    0x08001b1c   0x08001b1c   0x000002e0   Code   RO         4277    i.Add_FR            as608.o
    0x08001dfc   0x08001dfc   0x000000cc   Code   RO         3238    i.BlueToothMatch    usart.o
    0x08001ec8   0x08001ec8   0x00000004   Code   RO         4520    i.BusFault_Handler  stm32f10x_it.o
    0x08001ecc   0x08001ecc   0x0000001c   Code   RO         3525    i.ClearBitMask      rc522.o
    0x08001ee8   0x08001ee8   0x0000001c   Code   RO          909    i.DMA_ClearFlag     stm32f10x_dma.o
    0x08001f04   0x08001f04   0x00000018   Code   RO          911    i.DMA_Cmd           stm32f10x_dma.o
    0x08001f1c   0x08001f1c   0x0000014c   Code   RO          912    i.DMA_DeInit        stm32f10x_dma.o
    0x08002068   0x08002068   0x0000002c   Code   RO          914    i.DMA_GetFlagStatus  stm32f10x_dma.o
    0x08002094   0x08002094   0x0000003c   Code   RO          917    i.DMA_Init          stm32f10x_dma.o
    0x080020d0   0x080020d0   0x00000004   Code   RO          918    i.DMA_SetCurrDataCounter  stm32f10x_dma.o
    0x080020d4   0x080020d4   0x00000002   Code   RO         4521    i.DebugMon_Handler  stm32f10x_it.o
    0x080020d6   0x080020d6   0x00000018   Code   RO         3196    i.Delay_ms          delay.o
    0x080020ee   0x080020ee   0x0000002e   Code   RO         3198    i.Delay_us          delay.o
    0x0800211c   0x0800211c   0x000002d8   Code   RO         4279    i.EnsureMessage     as608.o
    0x080023f4   0x080023f4   0x00000184   Code   RO         4280    i.FrMatch           as608.o
    0x08002578   0x08002578   0x00000116   Code   RO         1347    i.GPIO_Init         stm32f10x_gpio.o
    0x0800268e   0x0800268e   0x00000002   PAD
    0x08002690   0x08002690   0x00000090   Code   RO         1349    i.GPIO_PinRemapConfig  stm32f10x_gpio.o
    0x08002720   0x08002720   0x00000012   Code   RO         1351    i.GPIO_ReadInputDataBit  stm32f10x_gpio.o
    0x08002732   0x08002732   0x00000004   Code   RO         1354    i.GPIO_ResetBits    stm32f10x_gpio.o
    0x08002736   0x08002736   0x00000004   Code   RO         1355    i.GPIO_SetBits      stm32f10x_gpio.o
    0x0800273a   0x0800273a   0x0000000a   Code   RO         1358    i.GPIO_WriteBit     stm32f10x_gpio.o
    0x08002744   0x08002744   0x0000004c   Code   RO         4174    i.HCSR04_Init       hcsr04.o
    0x08002790   0x08002790   0x00000004   Code   RO         4522    i.HardFault_Handler  stm32f10x_it.o
    0x08002794   0x08002794   0x00000088   Code   RO         4281    i.JudgeStr          as608.o
    0x0800281c   0x0800281c   0x00000068   Code   RO         4128    i.Key_GetNum        key.o
    0x08002884   0x08002884   0x0000002c   Code   RO         4129    i.Key_Init          key.o
    0x080028b0   0x080028b0   0x00000042   Code   RO         4073    i.LCD_Address_Set   lcd_init.o
    0x080028f2   0x080028f2   0x00000002   PAD
    0x080028f4   0x080028f4   0x000000c0   Code   RO         3957    i.LCD_Fill          lcd.o
    0x080029b4   0x080029b4   0x00000064   Code   RO         4074    i.LCD_GPIO_Init     lcd_init.o
    0x08002a18   0x08002a18   0x00000204   Code   RO         4075    i.LCD_Init          lcd_init.o
    0x08002c1c   0x08002c1c   0x00000012   Code   RO         4076    i.LCD_WR_DATA       lcd_init.o
    0x08002c2e   0x08002c2e   0x0000000c   Code   RO         4077    i.LCD_WR_DATA8      lcd_init.o
    0x08002c3a   0x08002c3a   0x00000002   PAD
    0x08002c3c   0x08002c3c   0x00000024   Code   RO         4078    i.LCD_WR_REG        lcd_init.o
    0x08002c60   0x08002c60   0x0000003c   Code   RO         4079    i.LCD_Writ_Bus      lcd_init.o
    0x08002c9c   0x08002c9c   0x00000014   Code   RO         3902    i.LED1_OFF          led.o
    0x08002cb0   0x08002cb0   0x00000014   Code   RO         3903    i.LED1_ON           led.o
    0x08002cc4   0x08002cc4   0x00000014   Code   RO         3904    i.LED2_OFF          led.o
    0x08002cd8   0x08002cd8   0x00000014   Code   RO         3905    i.LED2_ON           led.o
    0x08002cec   0x08002cec   0x00000014   Code   RO         3906    i.LED3_OFF          led.o
    0x08002d00   0x08002d00   0x00000014   Code   RO         3907    i.LED3_ON           led.o
    0x08002d14   0x08002d14   0x00000038   Code   RO         3908    i.LED_Init          led.o
    0x08002d4c   0x08002d4c   0x00000060   Code   RO         4247    i.MYDMA_Config1     dma.o
    0x08002dac   0x08002dac   0x00000028   Code   RO         4248    i.MYDMA_Enable      dma.o
    0x08002dd4   0x08002dd4   0x0000001c   Code   RO         4282    i.MYUSART_SendData  as608.o
    0x08002df0   0x08002df0   0x00000004   Code   RO         4523    i.MemManage_Handler  stm32f10x_it.o
    0x08002df4   0x08002df4   0x000001c4   Code   RO         3526    i.NFCMatch          rc522.o
    0x08002fb8   0x08002fb8   0x00000002   Code   RO         4524    i.NMI_Handler       stm32f10x_it.o
    0x08002fba   0x08002fba   0x00000002   PAD
    0x08002fbc   0x08002fbc   0x00000070   Code   RO          137    i.NVIC_Init         misc.o
    0x0800302c   0x0800302c   0x00000014   Code   RO          138    i.NVIC_PriorityGroupConfig  misc.o
    0x08003040   0x08003040   0x00000028   Code   RO         3676    i.OLED_Clear        oled.o
    0x08003068   0x08003068   0x000000a8   Code   RO         3677    i.OLED_ClearArea    oled.o
    0x08003110   0x08003110   0x00000068   Code   RO         3686    i.OLED_I2C_Init     oled.o
    0x08003178   0x08003178   0x0000005c   Code   RO         3687    i.OLED_I2C_SendByte  oled.o
    0x080031d4   0x080031d4   0x00000034   Code   RO         3688    i.OLED_I2C_Start    oled.o
    0x08003208   0x08003208   0x00000028   Code   RO         3689    i.OLED_I2C_Stop     oled.o
    0x08003230   0x08003230   0x000000ae   Code   RO         3690    i.OLED_Init         oled.o
    0x080032de   0x080032de   0x00000014   Code   RO         3692    i.OLED_Pow          oled.o
    0x080032f2   0x080032f2   0x00000022   Code   RO         3696    i.OLED_SetCursor    oled.o
    0x08003314   0x08003314   0x00000054   Code   RO         3698    i.OLED_ShowChar     oled.o
    0x08003368   0x08003368   0x0000012c   Code   RO         3700    i.OLED_ShowImage    oled.o
    0x08003494   0x08003494   0x0000004c   Code   RO         3701    i.OLED_ShowNum      oled.o
    0x080034e0   0x080034e0   0x0000002e   Code   RO         3703    i.OLED_ShowString   oled.o
    0x0800350e   0x0800350e   0x00000002   PAD
    0x08003510   0x08003510   0x00000028   Code   RO         3704    i.OLED_Update       oled.o
    0x08003538   0x08003538   0x00000020   Code   RO         3706    i.OLED_WriteCommand  oled.o
    0x08003558   0x08003558   0x0000002c   Code   RO         3707    i.OLED_WriteData    oled.o
    0x08003584   0x08003584   0x00000046   Code   RO         4285    i.PS_GenChar        as608.o
    0x080035ca   0x080035ca   0x0000003a   Code   RO         4286    i.PS_GetImage       as608.o
    0x08003604   0x08003604   0x00000080   Code   RO         4287    i.PS_HandShake      as608.o
    0x08003684   0x08003684   0x00000090   Code   RO         4288    i.PS_HighSpeedSearch  as608.o
    0x08003714   0x08003714   0x0000003a   Code   RO         4289    i.PS_Match          as608.o
    0x0800374e   0x0800374e   0x0000003a   Code   RO         4292    i.PS_RegModel       as608.o
    0x08003788   0x08003788   0x0000002c   Code   RO         4295    i.PS_StaGPIO_Init   as608.o
    0x080037b4   0x080037b4   0x00000060   Code   RO         4296    i.PS_StoreChar      as608.o
    0x08003814   0x08003814   0x0000008c   Code   RO         4297    i.PS_ValidTempleteNum  as608.o
    0x080038a0   0x080038a0   0x0000009c   Code   RO         3482    i.PWM_Init          pwm.o
    0x0800393c   0x0800393c   0x00000014   Code   RO         3483    i.PWM_SetCompare3   pwm.o
    0x08003950   0x08003950   0x0000017c   Code   RO         4130    i.PassMatch         key.o
    0x08003acc   0x08003acc   0x0000000c   Code   RO         3527    i.PcdAntennaOff     rc522.o
    0x08003ad8   0x08003ad8   0x0000001a   Code   RO         3528    i.PcdAntennaOn      rc522.o
    0x08003af2   0x08003af2   0x00000132   Code   RO         3532    i.PcdComMF522       rc522.o
    0x08003c24   0x08003c24   0x00000054   Code   RO         3535    i.PcdRequest        rc522.o
    0x08003c78   0x08003c78   0x00000084   Code   RO         3536    i.PcdReset          rc522.o
    0x08003cfc   0x08003cfc   0x00000016   Code   RO         3537    i.PcdResetON        rc522.o
    0x08003d12   0x08003d12   0x00000002   Code   RO         4525    i.PendSV_Handler    stm32f10x_it.o
    0x08003d14   0x08003d14   0x00000068   Code   RO         3542    i.RC522_Init        rc522.o
    0x08003d7c   0x08003d7c   0x00000020   Code   RO         1774    i.RCC_AHBPeriphClockCmd  stm32f10x_rcc.o
    0x08003d9c   0x08003d9c   0x00000020   Code   RO         1775    i.RCC_APB1PeriphClockCmd  stm32f10x_rcc.o
    0x08003dbc   0x08003dbc   0x00000020   Code   RO         1776    i.RCC_APB1PeriphResetCmd  stm32f10x_rcc.o
    0x08003ddc   0x08003ddc   0x00000020   Code   RO         1777    i.RCC_APB2PeriphClockCmd  stm32f10x_rcc.o
    0x08003dfc   0x08003dfc   0x00000020   Code   RO         1778    i.RCC_APB2PeriphResetCmd  stm32f10x_rcc.o
    0x08003e1c   0x08003e1c   0x000000d4   Code   RO         1785    i.RCC_GetClocksFreq  stm32f10x_rcc.o
    0x08003ef0   0x08003ef0   0x00000048   Code   RO         3543    i.ReadRawRC         rc522.o
    0x08003f38   0x08003f38   0x0000005c   Code   RO         4131    i.SKey_GetNum       key.o
    0x08003f94   0x08003f94   0x0000008c   Code   RO         3443    i.SPI1_Init         spi.o
    0x08004020   0x08004020   0x00000090   Code   RO         3444    i.SPI2_Init         spi.o
    0x080040b0   0x080040b0   0x0000006c   Code   RO         3445    i.SPI2_ReadNBytes   spi.o
    0x0800411c   0x0800411c   0x00000070   Code   RO         3447    i.SPI2_WriteNBytes  spi.o
    0x0800418c   0x0800418c   0x00000018   Code   RO         2263    i.SPI_Cmd           stm32f10x_spi.o
    0x080041a4   0x080041a4   0x00000012   Code   RO         2269    i.SPI_I2S_DMACmd    stm32f10x_spi.o
    0x080041b6   0x080041b6   0x00000012   Code   RO         2271    i.SPI_I2S_GetFlagStatus  stm32f10x_spi.o
    0x080041c8   0x080041c8   0x00000004   Code   RO         2275    i.SPI_I2S_SendData  stm32f10x_spi.o
    0x080041cc   0x080041cc   0x0000003c   Code   RO         2276    i.SPI_Init          stm32f10x_spi.o
    0x08004208   0x08004208   0x00000018   Code   RO         2278    i.SPI_SSOutputCmd   stm32f10x_spi.o
    0x08004220   0x08004220   0x00000002   Code   RO         4526    i.SVC_Handler       stm32f10x_it.o
    0x08004222   0x08004222   0x00000002   PAD
    0x08004224   0x08004224   0x00000034   Code   RO         4300    i.SendAddr          as608.o
    0x08004258   0x08004258   0x00000012   Code   RO         4301    i.SendCheck         as608.o
    0x0800426a   0x0800426a   0x0000000c   Code   RO         4302    i.SendFlag          as608.o
    0x08004276   0x08004276   0x00000010   Code   RO         4303    i.SendHead          as608.o
    0x08004286   0x08004286   0x00000014   Code   RO         4304    i.SendLength        as608.o
    0x0800429a   0x0800429a   0x0000000c   Code   RO         4305    i.Sendcmd           as608.o
    0x080042a6   0x080042a6   0x00000002   PAD
    0x080042a8   0x080042a8   0x0000002c   Code   RO         3240    i.Serial_Printf     usart.o
    0x080042d4   0x080042d4   0x0000001e   Code   RO         3242    i.Serial_SendByte   usart.o
    0x080042f2   0x080042f2   0x0000001e   Code   RO         3244    i.Serial_SendString  usart.o
    0x08004310   0x08004310   0x00000008   Code   RO         3503    i.Servo_Init        servo.o
    0x08004318   0x08004318   0x0000003c   Code   RO         3504    i.Servo_SetAngle    servo.o
    0x08004354   0x08004354   0x0000001c   Code   RO         3544    i.SetBitMask        rc522.o
    0x08004370   0x08004370   0x00000008   Code   RO           10    i.SetSysClock       system_stm32f10x.o
    0x08004378   0x08004378   0x000000e0   Code   RO           11    i.SetSysClockTo72   system_stm32f10x.o
    0x08004458   0x08004458   0x00000024   Code   RO         4306    i.ShowErrMessage    as608.o
    0x0800447c   0x0800447c   0x00000002   Code   RO         4527    i.SysTick_Handler   stm32f10x_it.o
    0x0800447e   0x0800447e   0x00000002   PAD
    0x08004480   0x08004480   0x00000060   Code   RO           13    i.SystemInit        system_stm32f10x.o
    0x080044e0   0x080044e0   0x00000028   Code   RO         3393    i.TIM2_IRQHandler   timer.o
    0x08004508   0x08004508   0x00000034   Code   RO         3394    i.TIM3_IRQHandler   timer.o
    0x0800453c   0x0800453c   0x00000034   Code   RO         3396    i.TIM4_IRQHandler   timer.o
    0x08004570   0x08004570   0x00000074   Code   RO         3397    i.TIM4_Int_Init     timer.o
    0x080045e4   0x080045e4   0x00000006   Code   RO         2415    i.TIM_ClearFlag     stm32f10x_tim.o
    0x080045ea   0x080045ea   0x00000006   Code   RO         2416    i.TIM_ClearITPendingBit  stm32f10x_tim.o
    0x080045f0   0x080045f0   0x00000018   Code   RO         2421    i.TIM_Cmd           stm32f10x_tim.o
    0x08004608   0x08004608   0x00000022   Code   RO         2442    i.TIM_GetITStatus   stm32f10x_tim.o
    0x0800462a   0x0800462a   0x00000012   Code   RO         2446    i.TIM_ITConfig      stm32f10x_tim.o
    0x0800463c   0x0800463c   0x0000000c   Code   RO         2448    i.TIM_InternalClockConfig  stm32f10x_tim.o
    0x08004648   0x08004648   0x000000a0   Code   RO         2460    i.TIM_OC3Init       stm32f10x_tim.o
    0x080046e8   0x080046e8   0x00000012   Code   RO         2463    i.TIM_OC3PreloadConfig  stm32f10x_tim.o
    0x080046fa   0x080046fa   0x00000014   Code   RO         2468    i.TIM_OCStructInit  stm32f10x_tim.o
    0x0800470e   0x0800470e   0x00000004   Code   RO         2484    i.TIM_SetCompare3   stm32f10x_tim.o
    0x08004712   0x08004712   0x00000004   Code   RO         2486    i.TIM_SetCounter    stm32f10x_tim.o
    0x08004716   0x08004716   0x00000002   PAD
    0x08004718   0x08004718   0x000000a4   Code   RO         2492    i.TIM_TimeBaseInit  stm32f10x_tim.o
    0x080047bc   0x080047bc   0x00000084   Code   RO         3398    i.Timer2_Init       timer.o
    0x08004840   0x08004840   0x000000a0   Code   RO         3245    i.USART1_IRQHandler  usart.o
    0x080048e0   0x080048e0   0x00000070   Code   RO         3351    i.USART2_IRQHandler  usart2.o
    0x08004950   0x08004950   0x0000001e   Code   RO         2957    i.USART_ClearITPendingBit  stm32f10x_usart.o
    0x0800496e   0x0800496e   0x00000018   Code   RO         2960    i.USART_Cmd         stm32f10x_usart.o
    0x08004986   0x08004986   0x00000002   PAD
    0x08004988   0x08004988   0x0000009c   Code   RO         2962    i.USART_DeInit      stm32f10x_usart.o
    0x08004a24   0x08004a24   0x0000001a   Code   RO         2963    i.USART_GetFlagStatus  stm32f10x_usart.o
    0x08004a3e   0x08004a3e   0x00000054   Code   RO         2964    i.USART_GetITStatus  stm32f10x_usart.o
    0x08004a92   0x08004a92   0x0000004a   Code   RO         2966    i.USART_ITConfig    stm32f10x_usart.o
    0x08004adc   0x08004adc   0x000000d8   Code   RO         2967    i.USART_Init        stm32f10x_usart.o
    0x08004bb4   0x08004bb4   0x0000000a   Code   RO         2974    i.USART_ReceiveData  stm32f10x_usart.o
    0x08004bbe   0x08004bbe   0x00000008   Code   RO         2977    i.USART_SendData    stm32f10x_usart.o
    0x08004bc6   0x08004bc6   0x00000002   PAD
    0x08004bc8   0x08004bc8   0x000000b8   Code   RO         3246    i.Uart1_Init        usart.o
    0x08004c80   0x08004c80   0x00000004   Code   RO         4528    i.UsageFault_Handler  stm32f10x_it.o
    0x08004c84   0x08004c84   0x00000040   Code   RO         3545    i.WriteRawRC        rc522.o
    0x08004cc4   0x08004cc4   0x00000028   Code   RO         4839    i.__ARM_fpclassify  m_ws.l(fpclassify.o)
    0x08004cec   0x08004cec   0x0000000e   Code   RO         4720    i._is_digit         c_w.l(__printf_wp.o)
    0x08004cfa   0x08004cfa   0x0000000c   Code   RO         4080    i.delay             lcd_init.o
    0x08004d06   0x08004d06   0x00000002   PAD
    0x08004d08   0x08004d08   0x000003ec   Code   RO         4470    i.main              main.o
    0x080050f4   0x080050f4   0x000000cc   Code   RO         3353    i.usart2_init       usart2.o
    0x080051c0   0x080051c0   0x0000002c   Code   RO         4883    locale$$code        c_w.l(lc_numeric_c.o)
    0x080051ec   0x080051ec   0x0000002c   Code   RO         4900    locale$$code        c_w.l(lc_ctype_c.o)
    0x08005218   0x08005218   0x000000c4   Code   RO         4627    x$fpl$fadd          fz_ws.l(faddsub_clz.o)
    0x080052dc   0x080052dc   0x00000184   Code   RO         4634    x$fpl$fdiv          fz_ws.l(fdiv.o)
    0x08005460   0x08005460   0x0000003e   Code   RO         4637    x$fpl$ffixu         fz_ws.l(ffixu.o)
    0x0800549e   0x0800549e   0x00000002   PAD
    0x080054a0   0x080054a0   0x00000102   Code   RO         4649    x$fpl$fmul          fz_ws.l(fmul.o)
    0x080055a2   0x080055a2   0x0000008c   Code   RO         4761    x$fpl$fnaninf       fz_ws.l(fnaninf.o)
    0x0800562e   0x0800562e   0x0000000a   Code   RO         4763    x$fpl$fretinf       fz_ws.l(fretinf.o)
    0x08005638   0x08005638   0x000000ea   Code   RO         4629    x$fpl$fsub          fz_ws.l(faddsub_clz.o)
    0x08005722   0x08005722   0x00000004   Code   RO         4765    x$fpl$printf1       fz_ws.l(printf1.o)
    0x08005726   0x08005726   0x00000004   Code   RO         4767    x$fpl$printf2       fz_ws.l(printf2.o)
    0x0800572a   0x0800572a   0x00000000   Code   RO         4773    x$fpl$usenofp       fz_ws.l(usenofp.o)
    0x0800572a   0x0800572a   0x00000946   Data   RO         3890    .constdata          oled_data.o
    0x08006070   0x08006070   0x00000008   Data   RO         4679    .constdata          c_w.l(_printf_wctomb.o)
    0x08006078   0x08006078   0x00000028   Data   RO         4708    .constdata          c_w.l(_printf_hex_int_ll_ptr.o)
    0x080060a0   0x080060a0   0x00000011   Data   RO         4728    .constdata          c_w.l(__printf_flags_ss_wp.o)
    0x080060b1   0x080060b1   0x00000026   Data   RO         4826    .constdata          c_w.l(_printf_fp_hex.o)
    0x080060d7   0x080060d7   0x00000001   PAD
    0x080060d8   0x080060d8   0x00000094   Data   RO         4858    .constdata          c_w.l(bigflt0.o)
    0x0800616c   0x0800616c   0x00000020   Data   RO         5028    Region$$Table       anon$$obj.o
    0x0800618c   0x0800618c   0x0000001c   Data   RO         4882    locale$$data        c_w.l(lc_numeric_c.o)
    0x080061a8   0x080061a8   0x00000110   Data   RO         4899    locale$$data        c_w.l(lc_ctype_c.o)


    Execution Region RW_IRAM1 (Exec base: 0x20000000, Load base: 0x080062b8, Size: 0x00000e68, Max: 0x00005000, ABSOLUTE)

    Exec Addr    Load Addr    Size         Type   Attr      Idx    E Section Name        Object

    0x20000000   0x080062b8   0x00000014   Data   RW         1805    .data               stm32f10x_rcc.o
    0x20000014   0x080062cc   0x00000003   Data   RW         3249    .data               usart.o
    0x20000017   0x080062cf   0x00000001   PAD
    0x20000018   0x080062d0   0x00000002   Data   RW         3355    .data               usart2.o
    0x2000001a   0x080062d2   0x00000006   Data   RW         4132    .data               key.o
    0x20000020   0x080062d8   0x00000002   Data   RW         4250    .data               dma.o
    0x20000022   0x080062da   0x00000002   PAD
    0x20000024   0x080062dc   0x00000006   Data   RW         4308    .data               as608.o
    0x2000002a   0x080062e2   0x00000002   PAD
    0x2000002c   0x080062e4   0x00000020   Data   RW         4473    .data               main.o
    0x2000004c        -       0x00000064   Zero   RW         3248    .bss                usart.o
    0x200000b0        -       0x00000320   Zero   RW         3354    .bss                usart2.o
    0x200003d0        -       0x00000400   Zero   RW         3709    .bss                oled.o
    0x200007d0        -       0x0000002c   Zero   RW         4249    .bss                dma.o
    0x200007fc        -       0x0000000c   Zero   RW         4307    .bss                as608.o
    0x20000808        -       0x00000060   Zero   RW         4844    .bss                c_w.l(libspace.o)
    0x20000868        -       0x00000200   Zero   RW            2    HEAP                startup_stm32f10x_md.o
    0x20000a68        -       0x00000400   Zero   RW            1    STACK               startup_stm32f10x_md.o


==============================================================================

Image component sizes


      Code (inc. data)   RO Data    RW Data    ZI Data      Debug   Object Name

      2978       1100          0          6         12      13260   as608.o
        70          0          0          0          0        922   delay.o
       136         18          0          2         44       1740   dma.o
        76          4          0          0          0        502   hcsr04.o
       620         82          0          6          0       3525   key.o
       192         14          0          0          0        767   lcd.o
       820         30          0          0          0       4374   lcd_init.o
       176         42          0          0          0       2978   led.o
      1004        348          0         32          0       3678   main.o
       132         22          0          0          0     204727   misc.o
      1346         44          0          0       1024      10154   oled.o
         0          0       2374          0          0       1106   oled_data.o
       176         14          0          0          0       1117   pwm.o
      1330        140          0          0          0       7247   rc522.o
        68         12          0          0          0        942   servo.o
       504         26          0          0          0       2869   spi.o
        64         26        236          0       1536        820   startup_stm32f10x_md.o
         0          0          0          0          0       1652   stm32f10x_adc.o
       492         26          0          0          0      14587   stm32f10x_dma.o
       458          6          0          0          0      13086   stm32f10x_gpio.o
        26          0          0          0          0       3686   stm32f10x_it.o
       372         50          0         20          0      14512   stm32f10x_rcc.o
       148          0          0          0          0      10995   stm32f10x_spi.o
       470         52          0          0          0      27263   stm32f10x_tim.o
       628         28          0          0          0      12990   stm32f10x_usart.o
       328         28          0          0          0      66365   system_stm32f10x.o
       392         34          0          0          0       2572   timer.o
       652        100          0          3        100       4674   usart.o
       316         32          0          2        800       2010   usart2.o

    ----------------------------------------------------------------------
     13998       2278       2642         76       3516     435120   Object Totals
         0          0         32          0          0          0   (incl. Generated)
        24          0          0          5          0          0   (incl. Padding)

    ----------------------------------------------------------------------

      Code (inc. data)   RO Data    RW Data    ZI Data      Debug   Library Member Name

         8          0          0          0          0         68   __main.o
       392          4         17          0          0         92   __printf_flags_ss_wp.o
        14          0          0          0          0         68   __printf_wp.o
         0          0          0          0          0          0   __rtentry.o
        12          0          0          0          0          0   __rtentry2.o
         6          0          0          0          0          0   __rtentry4.o
        52          8          0          0          0          0   __scatter.o
        26          0          0          0          0          0   __scatter_copy.o
        28          0          0          0          0          0   __scatter_zi.o
         6          0          0          0          0          0   _printf_a.o
         6          0          0          0          0          0   _printf_c.o
        44          0          0          0          0        108   _printf_char.o
        48          6          0          0          0         96   _printf_char_common.o
        40          0          0          0          0         68   _printf_charcount.o
         6          0          0          0          0          0   _printf_d.o
       120         16          0          0          0         92   _printf_dec.o
         6          0          0          0          0          0   _printf_e.o
         6          0          0          0          0          0   _printf_f.o
      1054          0          0          0          0        216   _printf_fp_dec.o
       764          8         38          0          0        100   _printf_fp_hex.o
       128         16          0          0          0         84   _printf_fp_infnan.o
         6          0          0          0          0          0   _printf_g.o
       148          4         40          0          0        160   _printf_hex_int_ll_ptr.o
         6          0          0          0          0          0   _printf_i.o
       178          0          0          0          0         88   _printf_intcommon.o
        10          0          0          0          0          0   _printf_l.o
         6          0          0          0          0          0   _printf_lc.o
        10          0          0          0          0          0   _printf_ll.o
         6          0          0          0          0          0   _printf_lld.o
         6          0          0          0          0          0   _printf_lli.o
         6          0          0          0          0          0   _printf_llo.o
         6          0          0          0          0          0   _printf_llu.o
         6          0          0          0          0          0   _printf_llx.o
       124         16          0          0          0         92   _printf_longlong_dec.o
         6          0          0          0          0          0   _printf_ls.o
         6          0          0          0          0          0   _printf_n.o
         6          0          0          0          0          0   _printf_o.o
       112         10          0          0          0        124   _printf_oct_int_ll.o
         6          0          0          0          0          0   _printf_p.o
        78          0          0          0          0        108   _printf_pad.o
         0          0          0          0          0          0   _printf_percent.o
         4          0          0          0          0          0   _printf_percent_end.o
         6          0          0          0          0          0   _printf_s.o
        82          0          0          0          0         80   _printf_str.o
        36          0          0          0          0         84   _printf_truncate.o
         6          0          0          0          0          0   _printf_u.o
        44          0          0          0          0        108   _printf_wchar.o
       188          6          8          0          0         92   _printf_wctomb.o
         6          0          0          0          0          0   _printf_x.o
        10          0          0          0          0         68   _sputc.o
        64          0          0          0          0         92   _wcrtomb.o
       228          4        148          0          0         96   bigflt0.o
      1936        128          0          0          0        672   btod.o
        18          0          0          0          0         80   exit.o
         6          0          0          0          0        152   heapauxi.o
         0          0          0          0          0          0   indicate_semi.o
        44         10        272          0          0         76   lc_ctype_c.o
        44         10         28          0          0         76   lc_numeric_c.o
         2          0          0          0          0          0   libinit.o
        30          0          0          0          0          0   libinit2.o
         2          0          0          0          0          0   libshutdown.o
         2          0          0          0          0          0   libshutdown2.o
         8          4          0          0         96         68   libspace.o
       138          0          0          0          0         80   lludiv10.o
        16          4          0          0          0         76   rt_ctype_table.o
         8          4          0          0          0         68   rt_locale_intlibspace.o
         2          0          0          0          0          0   rtexit.o
        10          0          0          0          0          0   rtexit2.o
       128          0          0          0          0         68   strcmpv7m.o
        36          0          0          0          0         80   strstr.o
        12          4          0          0          0         68   sys_exit.o
        74          0          0          0          0         80   sys_stackheap_outer.o
         2          0          0          0          0         68   use_no_semi.o
        36          4          0          0          0         76   vsprintf.o
       430          8          0          0          0        168   faddsub_clz.o
       388         76          0          0          0         96   fdiv.o
        62          4          0          0          0         84   ffixu.o
       258          4          0          0          0         84   fmul.o
       140          4          0          0          0         84   fnaninf.o
        10          0          0          0          0         68   fretinf.o
         4          0          0          0          0         68   printf1.o
         4          0          0          0          0         68   printf2.o
         0          0          0          0          0          0   usenofp.o
        40          0          0          0          0         68   fpclassify.o

    ----------------------------------------------------------------------
      8080        362        552          0         96       4760   Library Totals
        18          0          1          0          0          0   (incl. Padding)

    ----------------------------------------------------------------------

      Code (inc. data)   RO Data    RW Data    ZI Data      Debug   Library Name

      6726        266        551          0         96       3972   c_w.l
      1296         96          0          0          0        720   fz_ws.l
        40          0          0          0          0         68   m_ws.l

    ----------------------------------------------------------------------
      8080        362        552          0         96       4760   Library Totals

    ----------------------------------------------------------------------

==============================================================================


      Code (inc. data)   RO Data    RW Data    ZI Data      Debug   

     22078       2640       3194         76       3612     429372   Grand Totals
     22078       2640       3194         76       3612     429372   ELF Image Totals
     22078       2640       3194         76          0          0   ROM Totals

==============================================================================

    Total RO  Size (Code + RO Data)                25272 (  24.68kB)
    Total RW  Size (RW Data + ZI Data)              3688 (   3.60kB)
    Total ROM Size (Code + RO Data + RW Data)      25348 (  24.75kB)

==============================================================================

